Component: ARM Compiler 5.06 update 7 (build 960) Tool: armlink [4d3601]

==============================================================================

Section Cross References

    main.o(.text) refers to _printf_pad.o(.text) for _printf_pre_padding
    main.o(.text) refers to _printf_percent.o(.ARM.Collect$$_printf_percent$$00000000) for _printf_percent
    main.o(.text) refers to _printf_x.o(.ARM.Collect$$_printf_percent$$0000000C) for _printf_x
    main.o(.text) refers to _printf_hex_int.o(.text) for _printf_longlong_hex
    main.o(.text) refers to _printf_f.o(.ARM.Collect$$_printf_percent$$00000003) for _printf_f
    main.o(.text) refers to printf1.o(x$fpl$printf1) for _printf_fp_dec
    main.o(.text) refers to _printf_u.o(.ARM.Collect$$_printf_percent$$0000000A) for _printf_u
    main.o(.text) refers to _printf_dec.o(.text) for _printf_int_dec
    main.o(.text) refers to mre6183_led.o(.text) for LED_PC8_Init
    main.o(.text) refers to mre6183_uart.o(.text) for UART_Init
    main.o(.text) refers to mre6183_delays.o(.text) for TimerDelay_Init
    main.o(.text) refers to mre6183_spi.o(.text) for PeripheralInit_SPI_SlaveSelect
    main.o(.text) refers to noretval__2sprintf.o(.text) for __2sprintf
    main.o(.text) refers to mre6183_i2c.o(.text) for PeripheralInit_I2C1
    main.o(.text) refers to mre6183_shtc3.o(.text) for SHTC3_write_command
    main.o(.text) refers to fflt_clz.o(x$fpl$fflt) for __aeabi_i2f
    main.o(.text) refers to fdiv.o(x$fpl$fdiv) for __aeabi_fdiv
    main.o(.text) refers to f2d.o(x$fpl$f2d) for __aeabi_f2d
    main.o(.text) refers to main.o(.data) for testSPI
    main.o(.text) refers to main.o(.bss) for serial_string_out1
    mre6183_spi.o(.text) refers to stm32f10x_gpio.o(.text) for GPIO_StructInit
    mre6183_spi.o(.text) refers to stm32f10x_spi.o(.text) for SPI_StructInit
    mre6183_spi.o(.text) refers to stm32f10x_rcc.o(.text) for RCC_APB2PeriphClockCmd
    mre6183_uart.o(.text) refers to stm32f10x_gpio.o(.text) for GPIO_StructInit
    mre6183_uart.o(.text) refers to stm32f10x_usart.o(.text) for USART_StructInit
    mre6183_uart.o(.text) refers to stm32f10x_rcc.o(.text) for RCC_APB2PeriphClockCmd
    mre6183_uart.o(.text) refers to strlen.o(.text) for strlen
    mre6183_led.o(.text) refers to stm32f10x_gpio.o(.text) for GPIO_StructInit
    mre6183_led.o(.text) refers to stm32f10x_rcc.o(.text) for RCC_APB2PeriphClockCmd
    mre6183_delays.o(.text) refers to stm32f10x_tim.o(.text) for TIM_TimeBaseStructInit
    mre6183_delays.o(.text) refers to stm32f10x_rcc.o(.text) for RCC_APB1PeriphClockCmd
    mre6183_delays.o(.text) refers to misc.o(.text) for NVIC_Init
    mre6183_delays.o(.text) refers to system_stm32f10x.o(.data) for SystemCoreClock
    mre6183_i2c.o(.text) refers to stm32f10x_gpio.o(.text) for GPIO_StructInit
    mre6183_i2c.o(.text) refers to stm32f10x_i2c.o(.text) for I2C_StructInit
    mre6183_i2c.o(.text) refers to stm32f10x_rcc.o(.text) for RCC_APB2PeriphClockCmd
    mre6183_shtc3.o(.text) refers to mre6183_i2c.o(.text) for send_Xb_I2C1
    mre6183_shtc3.o(.text) refers to fflt_clz.o(x$fpl$fflt) for __aeabi_i2f
    stm32f10x_adc.o(.text) refers to stm32f10x_rcc.o(.text) for RCC_APB2PeriphResetCmd
    stm32f10x_dac.o(.text) refers to stm32f10x_rcc.o(.text) for RCC_APB1PeriphResetCmd
    stm32f10x_gpio.o(.text) refers to stm32f10x_rcc.o(.text) for RCC_APB2PeriphResetCmd
    stm32f10x_i2c.o(.text) refers to stm32f10x_rcc.o(.text) for RCC_APB1PeriphResetCmd
    stm32f10x_rcc.o(.text) refers to stm32f10x_rcc.o(.data) for APBAHBPrescTable
    stm32f10x_spi.o(.text) refers to stm32f10x_rcc.o(.text) for RCC_APB2PeriphResetCmd
    stm32f10x_tim.o(.text) refers to stm32f10x_rcc.o(.text) for RCC_APB2PeriphResetCmd
    stm32f10x_usart.o(.text) refers to stm32f10x_rcc.o(.text) for RCC_APB2PeriphResetCmd
    dma_stm32f10x.o(.text) refers to dma_stm32f10x.o(.data) for DMA1_Channel
    startup_stm32f10x_md_vl.o(STACK) refers (Special) to heapauxi.o(.text) for __use_two_region_memory
    startup_stm32f10x_md_vl.o(HEAP) refers (Special) to heapauxi.o(.text) for __use_two_region_memory
    startup_stm32f10x_md_vl.o(RESET) refers (Special) to heapauxi.o(.text) for __use_two_region_memory
    startup_stm32f10x_md_vl.o(RESET) refers to startup_stm32f10x_md_vl.o(STACK) for __initial_sp
    startup_stm32f10x_md_vl.o(RESET) refers to startup_stm32f10x_md_vl.o(.text) for Reset_Handler
    startup_stm32f10x_md_vl.o(RESET) refers to dma_stm32f10x.o(.text) for DMA1_Channel1_IRQHandler
    startup_stm32f10x_md_vl.o(.text) refers (Special) to heapauxi.o(.text) for __use_two_region_memory
    startup_stm32f10x_md_vl.o(.text) refers to system_stm32f10x.o(.text) for SystemInit
    startup_stm32f10x_md_vl.o(.text) refers to __main.o(!!!main) for __main
    startup_stm32f10x_md_vl.o(.text) refers to startup_stm32f10x_md_vl.o(HEAP) for Heap_Mem
    startup_stm32f10x_md_vl.o(.text) refers to startup_stm32f10x_md_vl.o(STACK) for Stack_Mem
[...]
    ../fplib/usenofp.s                       0x00000000   Number         0  usenofp.o ABSOLUTE
    ../mathlib/fpclassify.c                  0x00000000   Number         0  fpclassify.o ABSOLUTE
    ..\MRE6183_lib\mre6183_delays.c          0x00000000   Number         0  mre6183_delays.o ABSOLUTE
    ..\MRE6183_lib\mre6183_i2c.c             0x00000000   Number         0  mre6183_i2c.o ABSOLUTE
    ..\MRE6183_lib\mre6183_led.c             0x00000000   Number         0  mre6183_led.o ABSOLUTE
    ..\MRE6183_lib\mre6183_spi.c             0x00000000   Number         0  mre6183_spi.o ABSOLUTE
    ..\MRE6183_lib\mre6183_uart.c            0x00000000   Number         0  mre6183_uart.o ABSOLUTE
    ..\\MRE6183_lib\\mre6183_delays.c        0x00000000   Number         0  mre6183_delays.o ABSOLUTE
    ..\\MRE6183_lib\\mre6183_i2c.c           0x00000000   Number         0  mre6183_i2c.o ABSOLUTE
    ..\\MRE6183_lib\\mre6183_led.c           0x00000000   Number         0  mre6183_led.o ABSOLUTE
    ..\\MRE6183_lib\\mre6183_spi.c           0x00000000   Number         0  mre6183_spi.o ABSOLUTE
    ..\\MRE6183_lib\\mre6183_uart.c          0x00000000   Number         0  mre6183_uart.o ABSOLUTE
    C:/Keil_v5/ARM/Packs/Keil/STM32F1xx_DFP/2.4.1/Device/StdPeriph_Driver/src/misc.c 0x00000000   Number         0  misc.o ABSOLUTE
    C:/Keil_v5/ARM/Packs/Keil/STM32F1xx_DFP/2.4.1/Device/StdPeriph_Driver/src/stm32f10x_adc.c 0x00000000   Number         0  stm32f10x_adc.o ABSOLUTE
    C:/Keil_v5/ARM/Packs/Keil/STM32F1xx_DFP/2.4.1/Device/StdPeriph_Driver/src/stm32f10x_dac.c 0x00000000   Number         0  stm32f10x_dac.o ABSOLUTE
    C:/Keil_v5/ARM/Packs/Keil/STM32F1xx_DFP/2.4.1/Device/StdPeriph_Driver/src/stm32f10x_exti.c 0x00000000   Number         0  stm32f10x_exti.o ABSOLUTE
    C:/Keil_v5/ARM/Packs/Keil/STM32F1xx_DFP/2.4.1/Device/StdPeriph_Driver/src/stm32f10x_flash.c 0x00000000   Number         0  stm32f10x_flash.o ABSOLUTE
    C:/Keil_v5/ARM/Packs/Keil/STM32F1xx_DFP/2.4.1/Device/StdPeriph_Driver/src/stm32f10x_gpio.c 0x00000000   Number         0  stm32f10x_gpio.o ABSOLUTE
    C:/Keil_v5/ARM/Packs/Keil/STM32F1xx_DFP/2.4.1/Device/StdPeriph_Driver/src/stm32f10x_i2c.c 0x00000000   Number         0  stm32f10x_i2c.o ABSOLUTE
    C:/Keil_v5/ARM/Packs/Keil/STM32F1xx_DFP/2.4.1/Device/StdPeriph_Driver/src/stm32f10x_rcc.c 0x00000000   Number         0  stm32f10x_rcc.o ABSOLUTE
    C:/Keil_v5/ARM/Packs/Keil/STM32F1xx_DFP/2.4.1/Device/StdPeriph_Driver/src/stm32f10x_rtc.c 0x00000000   Number         0  stm32f10x_rtc.o ABSOLUTE
    C:/Keil_v5/ARM/Packs/Keil/STM32F1xx_DFP/2.4.1/Device/StdPeriph_Driver/src/stm32f10x_spi.c 0x00000000   Number         0  stm32f10x_spi.o ABSOLUTE
    C:/Keil_v5/ARM/Packs/Keil/STM32F1xx_DFP/2.4.1/Device/StdPeriph_Driver/src/stm32f10x_tim.c 0x00000000   Number         0  stm32f10x_tim.o ABSOLUTE
    C:/Keil_v5/ARM/Packs/Keil/STM32F1xx_DFP/2.4.1/Device/StdPeriph_Driver/src/stm32f10x_usart.c 0x00000000   Number         0  stm32f10x_usart.o ABSOLUTE
    C:/Keil_v5/ARM/Packs/Keil/STM32F1xx_DFP/2.4.1/RTE_Driver/DMA_STM32F10x.c 0x00000000   Number         0  dma_stm32f10x.o ABSOLUTE
    C:/Keil_v5/ARM/Packs/Keil/STM32F1xx_DFP/2.4.1/RTE_Driver/GPIO_STM32F10x.c 0x00000000   Number         0  gpio_stm32f10x.o ABSOLUTE
    C:\Keil_v5\ARM\Packs\Keil\STM32F1xx_DFP\2.4.1\Device\StdPeriph_Driver\src\misc.c 0x00000000   Number         0  misc.o ABSOLUTE
    C:\Keil_v5\ARM\Packs\Keil\STM32F1xx_DFP\2.4.1\Device\StdPeriph_Driver\src\stm32f10x_adc.c 0x00000000   Number         0  stm32f10x_adc.o ABSOLUTE
    C:\Keil_v5\ARM\Packs\Keil\STM32F1xx_DFP\2.4.1\Device\StdPeriph_Driver\src\stm32f10x_dac.c 0x00000000   Number         0  stm32f10x_dac.o ABSOLUTE
    C:\Keil_v5\ARM\Packs\Keil\STM32F1xx_DFP\2.4.1\Device\StdPeriph_Driver\src\stm32f10x_exti.c 0x00000000   Number         0  stm32f10x_exti.o ABSOLUTE
    C:\Keil_v5\ARM\Packs\Keil\STM32F1xx_DFP\2.4.1\Device\StdPeriph_Driver\src\stm32f10x_flash.c 0x00000000   Number         0  stm32f10x_flash.o ABSOLUTE
    C:\Keil_v5\ARM\Packs\Keil\STM32F1xx_DFP\2.4.1\Device\StdPeriph_Driver\src\stm32f10x_gpio.c 0x00000000   Number         0  stm32f10x_gpio.o ABSOLUTE
    C:\Keil_v5\ARM\Packs\Keil\STM32F1xx_DFP\2.4.1\Device\StdPeriph_Driver\src\stm32f10x_i2c.c 0x00000000   Number         0  stm32f10x_i2c.o ABSOLUTE
    C:\Keil_v5\ARM\Packs\Keil\STM32F1xx_DFP\2.4.1\Device\StdPeriph_Driver\src\stm32f10x_rcc.c 0x00000000   Number         0  stm32f10x_rcc.o ABSOLUTE
    C:\Keil_v5\ARM\Packs\Keil\STM32F1xx_DFP\2.4.1\Device\StdPeriph_Driver\src\stm32f10x_rtc.c 0x00000000   Number         0  stm32f10x_rtc.o ABSOLUTE
    C:\Keil_v5\ARM\Packs\Keil\STM32F1xx_DFP\2.4.1\Device\StdPeriph_Driver\src\stm32f10x_spi.c 0x00000000   Number         0  stm32f10x_spi.o ABSOLUTE
    C:\Keil_v5\ARM\Packs\Keil\STM32F1xx_DFP\2.4.1\Device\StdPeriph_Driver\src\stm32f10x_tim.c 0x00000000   Number         0  stm32f10x_tim.o ABSOLUTE
    C:\Keil_v5\ARM\Packs\Keil\STM32F1xx_DFP\2.4.1\Device\StdPeriph_Driver\src\stm32f10x_usart.c 0x00000000   Number         0  stm32f10x_usart.o ABSOLUTE
    C:\Keil_v5\ARM\Packs\Keil\STM32F1xx_DFP\2.4.1\RTE_Driver\DMA_STM32F10x.c 0x00000000   Number         0  dma_stm32f10x.o ABSOLUTE
    C:\Keil_v5\ARM\Packs\Keil\STM32F1xx_DFP\2.4.1\RTE_Driver\GPIO_STM32F10x.c 0x00000000   Number         0  gpio_stm32f10x.o ABSOLUTE
    RTE/Device/STM32F100RB/startup_stm32f10x_md_vl.s 0x00000000   Number         0  startup_stm32f10x_md_vl.o ABSOLUTE
    RTE/Device/STM32F100RB/system_stm32f10x.c 0x00000000   Number         0  system_stm32f10x.o ABSOLUTE
    RTE\Device\STM32F100RB\system_stm32f10x.c 0x00000000   Number         0  system_stm32f10x.o ABSOLUTE
    dc.s                                     0x00000000   Number         0  dc.o ABSOLUTE
    main.c                                   0x00000000   Number         0  main.o ABSOLUTE
    main.c                                   0x00000000   Number         0  main.o ABSOLUTE
    mre6183_SHTC3.c                          0x00000000   Number         0  mre6183_shtc3.o ABSOLUTE
    mre6183_SHTC3.c                          0x00000000   Number         0  mre6183_shtc3.o ABSOLUTE
    RESET                                    0x08000000   Section      288  startup_stm32f10x_md_vl.o(RESET)
    !!!main                                  0x08000120   Section        8  __main.o(!!!main)
    !!!scatter                               0x08000128   Section       52  __scatter.o(!!!scatter)
    !!handler_copy                           0x0800015c   Section       26  __scatter_copy.o(!!handler_copy)
    !!handler_zi                             0x08000178   Section       28  __scatter_zi.o(!!handler_zi)
    .ARM.Collect$$_printf_percent$$00000000  0x08000194   Section        0  _printf_percent.o(.ARM.Collect$$_printf_percent$$00000000)
    .ARM.Collect$$_printf_percent$$00000003  0x08000194   Section        6  _printf_f.o(.ARM.Collect$$_printf_percent$$00000003)
    .ARM.Collect$$_printf_percent$$0000000A  0x0800019a   Section        6  _printf_u.o(.ARM.Collect$$_printf_percent$$0000000A)
    .ARM.Collect$$_printf_percent$$0000000C  0x080001a0   Section        6  _printf_x.o(.ARM.Collect$$_printf_percent$$0000000C)
    .ARM.Collect$$_printf_percent$$00000017  0x080001a6   Section        4  _printf_percent_end.o(.ARM.Collect$$_printf_percent$$00000017)
    .ARM.Collect$$libinit$$00000000          0x080001aa   Section        2  libinit.o(.ARM.Collect$$libinit$$00000000)
    .ARM.Collect$$libinit$$00000002          0x080001ac   Section        0  libinit2.o(.ARM.Collect$$libinit$$00000002)
    .ARM.Collect$$libinit$$00000004          0x080001ac   Section        0  libinit2.o(.ARM.Collect$$libinit$$00000004)
    .ARM.Collect$$libinit$$0000000A          0x080001ac   Section        0  libinit2.o(.ARM.Collect$$libinit$$0000000A)
    .ARM.Collect$$libinit$$0000000C          0x080001ac   Section        0  libinit2.o(.ARM.Collect$$libinit$$0000000C)
    .ARM.Collect$$libinit$$0000000E          0x080001ac   Section        0  libinit2.o(.ARM.Collect$$libinit$$0000000E)
    .ARM.Collect$$libinit$$0000000F          0x080001ac   Section        6  libinit2.o(.ARM.Collect$$libinit$$0000000F)
    .ARM.Collect$$libinit$$00000011          0x080001b2   Section        0  libinit2.o(.ARM.Collect$$libinit$$00000011)
    .ARM.Collect$$libinit$$00000013          0x080001b2   Section        0  libinit2.o(.ARM.Collect$$libinit$$00000013)
    .ARM.Collect$$libinit$$00000015          0x080001b2   Section        0  libinit2.o(.ARM.Collect$$libinit$$00000015)
    .ARM.Collect$$libinit$$00000016          0x080001b2   Section       10  libinit2.o(.ARM.Collect$$libinit$$00000016)
    .ARM.Collect$$libinit$$00000017          0x080001bc   Section        0  libinit2.o(.ARM.Collect$$libinit$$00000017)
    .ARM.Collect$$libinit$$00000019          0x080001bc   Section        0  libinit2.o(.ARM.Collect$$libinit$$00000019)
    .ARM.Collect$$libinit$$0000001B          0x080001bc   Section        0  libinit2.o(.ARM.Collect$$libinit$$0000001B)
    .ARM.Collect$$libinit$$0000001D          0x080001bc   Section        0  libinit2.o(.ARM.Collect$$libinit$$0000001D)
    .ARM.Collect$$libinit$$0000001F          0x080001bc   Section        0  libinit2.o(.ARM.Collect$$libinit$$0000001F)
    .ARM.Collect$$libinit$$00000021          0x080001bc   Section        0  libinit2.o(.ARM.Collect$$libinit$$00000021)
    .ARM.Collect$$libinit$$00000023          0x080001bc   Section        0  libinit2.o(.ARM.Collect$$libinit$$00000023)
    .ARM.Collect$$libinit$$00000025          0x080001bc   Section        0  libinit2.o(.ARM.Collect$$libinit$$00000025)
    .ARM.Collect$$libinit$$0000002C          0x080001bc   Section        0  libinit2.o(.ARM.Collect$$libinit$$0000002C)
    .ARM.Collect$$libinit$$0000002E          0x080001bc   Section        0  libinit2.o(.ARM.Collect$$libinit$$0000002E)
    .ARM.Collect$$libinit$$00000030          0x080001bc   Section        0  libinit2.o(.ARM.Collect$$libinit$$00000030)
    .ARM.Collect$$libinit$$00000032          0x080001bc   Section        0  libinit2.o(.ARM.Collect$$libinit$$00000032)
    .ARM.Collect$$libinit$$00000033          0x080001bc   Section        2  libinit2.o(.ARM.Collect$$libinit$$00000033)
    .ARM.Collect$$libshutdown$$00000000      0x080001be   Section        2  libshutdown.o(.ARM.Collect$$libshutdown$$00000000)
    .ARM.Collect$$libshutdown$$00000002      0x080001c0   Section        0  libshutdown2.o(.ARM.Collect$$libshutdown$$00000002)
    .ARM.Collect$$libshutdown$$00000004      0x080001c0   Section        0  libshutdown2.o(.ARM.Collect$$libshutdown$$00000004)
    .ARM.Collect$$libshutdown$$00000006      0x080001c0   Section        0  libshutdown2.o(.ARM.Collect$$libshutdown$$00000006)
    .ARM.Collect$$libshutdown$$00000009      0x080001c0   Section        0  libshutdown2.o(.ARM.Collect$$libshutdown$$00000009)
    .ARM.Collect$$libshutdown$$0000000C      0x080001c0   Section        0  libshutdown2.o(.ARM.Collect$$libshutdown$$0000000C)
    .ARM.Collect$$libshutdown$$0000000E      0x080001c0   Section        0  libshutdown2.o(.ARM.Collect$$libshutdown$$0000000E)
    .ARM.Collect$$libshutdown$$00000011      0x080001c0   Section        0  libshutdown2.o(.ARM.Collect$$libshutdown$$00000011)
    .ARM.Collect$$libshutdown$$00000012      0x080001c0   Section        2  libshutdown2.o(.ARM.Collect$$libshutdown$$00000012)
    .ARM.Collect$$rtentry$$00000000          0x080001c2   Section        0  __rtentry.o(.ARM.Collect$$rtentry$$00000000)
    .ARM.Collect$$rtentry$$00000002          0x080001c2   Section        0  __rtentry2.o(.ARM.Collect$$rtentry$$00000002)
    .ARM.Collect$$rtentry$$00000004          0x080001c2   Section        6  __rtentry4.o(.ARM.Collect$$rtentry$$00000004)
    .ARM.Collect$$rtentry$$00000009          0x080001c8   Section        0  __rtentry2.o(.ARM.Collect$$rtentry$$00000009)
    .ARM.Collect$$rtentry$$0000000A          0x080001c8   Section        4  __rtentry2.o(.ARM.Collect$$rtentry$$0000000A)
    .ARM.Collect$$rtentry$$0000000C          0x080001cc   Section        0  __rtentry2.o(.ARM.Collect$$rtentry$$0000000C)
    .ARM.Collect$$rtentry$$0000000D          0x080001cc   Section        8  __rtentry2.o(.ARM.Collect$$rtentry$$0000000D)
    .ARM.Collect$$rtexit$$00000000           0x080001d4   Section        2  rtexit.o(.ARM.Collect$$rtexit$$00000000)
    .ARM.Collect$$rtexit$$00000002           0x080001d6   Section        0  rtexit2.o(.ARM.Collect$$rtexit$$00000002)
    .ARM.Collect$$rtexit$$00000003           0x080001d6   Section        4  rtexit2.o(.ARM.Collect$$rtexit$$00000003)
    .ARM.Collect$$rtexit$$00000004           0x080001da   Section        6  rtexit2.o(.ARM.Collect$$rtexit$$00000004)
    .text                                    0x080001e0   Section        0  main.o(.text)
    .text                                    0x080003bc   Section        0  mre6183_spi.o(.text)
    .text                                    0x080006e0   Section        0  mre6183_uart.o(.text)
    .text                                    0x080007bc   Section        0  mre6183_led.o(.text)
    .text                                    0x08000840   Section        0  mre6183_delays.o(.text)
    .text                                    0x0800095c   Section        0  mre6183_i2c.o(.text)
    .text                                    0x08000ee0   Section        0  mre6183_shtc3.o(.text)
    .text                                    0x08000f98   Section        0  misc.o(.text)
    .text                                    0x08001074   Section        0  stm32f10x_gpio.o(.text)
    .text                                    0x080013d0   Section        0  stm32f10x_i2c.o(.text)
    .text                                    0x080017d4   Section        0  stm32f10x_rcc.o(.text)
    .text                                    0x08001b98   Section        0  stm32f10x_spi.o(.text)
    .text                                    0x08001ea4   Section        0  stm32f10x_tim.o(.text)
    TI4_Config                               0x0800234b   Thumb Code   130  stm32f10x_tim.o(.text)
    TI3_Config                               0x080023df   Thumb Code   122  stm32f10x_tim.o(.text)
    TI2_Config                               0x08002473   Thumb Code   130  stm32f10x_tim.o(.text)
    TI1_Config                               0x08002507   Thumb Code   108  stm32f10x_tim.o(.text)
    .text                                    0x08002cc0   Section        0  stm32f10x_usart.o(.text)
    .text                                    0x080030c8   Section        0  dma_stm32f10x.o(.text)
    __NVIC_EnableIRQ                         0x080030c9   Thumb Code    34  dma_stm32f10x.o(.text)
    __NVIC_DisableIRQ                        0x080030eb   Thumb Code    30  dma_stm32f10x.o(.text)
    __NVIC_ClearPendingIRQ                   0x0800335d   Thumb Code    22  dma_stm32f10x.o(.text)
    .text                                    0x08003388   Section       64  startup_stm32f10x_md_vl.o(.text)
    .text                                    0x080033c8   Section        0  system_stm32f10x.o(.text)
    SetSysClockTo24                          0x080033c9   Thumb Code   178  system_stm32f10x.o(.text)
    SetSysClock                              0x0800347b   Thumb Code     8  system_stm32f10x.o(.text)
    .text                                    0x08003580   Section        0  noretval__2sprintf.o(.text)
    .text                                    0x080035a8   Section        0  _printf_pad.o(.text)
    .text                                    0x080035f8   Section        0  _printf_dec.o(.text)
    .text                                    0x08003670   Section        0  _printf_hex_int.o(.text)
    .text                                    0x080036c8   Section        0  __printf_flags_wp.o(.text)
    .text                                    0x08003800   Section        0  strlen.o(.text)
    .text                                    0x0800383e   Section        0  heapauxi.o(.text)
    .text                                    0x08003844   Section        0  _printf_intcommon.o(.text)
    .text                                    0x080038f6   Section        0  _printf_fp_dec.o(.text)
    _fp_digits                               0x080038f9   Thumb Code   432  _printf_fp_dec.o(.text)
    .text                                    0x08003d14   Section        0  _printf_char_common.o(.text)
    _printf_input_char                       0x08003d15   Thumb Code    10  _printf_char_common.o(.text)
    .text                                    0x08003d44   Section        0  _sputc.o(.text)
    .text                                    0x08003d50   Section        8  rt_locale_intlibspace.o(.text)
    .text                                    0x08003d58   Section      138  lludiv10.o(.text)
    .text                                    0x08003de4   Section        0  _printf_fp_infnan.o(.text)
    .text                                    0x08003e64   Section        0  bigflt0.o(.text)
    .text                                    0x08003f48   Section        8  libspace.o(.text)
    .text                                    0x08003f50   Section       74  sys_stackheap_outer.o(.text)
    .text                                    0x08003f9a   Section        0  exit.o(.text)
    .text                                    0x08003fac   Section      128  strcmpv7m.o(.text)
    .text                                    0x0800402c   Section        0  sys_exit.o(.text)
    .text                                    0x08004038   Section        2  use_no_semi.o(.text)
    .text                                    0x0800403a   Section        0  indicate_semi.o(.text)
    CL$$btod_d2e                             0x0800403a   Section       62  btod.o(CL$$btod_d2e)
    CL$$btod_d2e_denorm_low                  0x08004078   Section       70  btod.o(CL$$btod_d2e_denorm_low)
    CL$$btod_d2e_norm_op1                    0x080040be   Section       96  btod.o(CL$$btod_d2e_norm_op1)
    CL$$btod_div_common                      0x0800411e   Section      824  btod.o(CL$$btod_div_common)
    CL$$btod_e2e                             0x08004456   Section      220  btod.o(CL$$btod_e2e)
    CL$$btod_ediv                            0x08004532   Section       42  btod.o(CL$$btod_ediv)
    CL$$btod_emul                            0x0800455c   Section       42  btod.o(CL$$btod_emul)
    CL$$btod_mult_common                     0x08004586   Section      580  btod.o(CL$$btod_mult_common)
    i.__ARM_fpclassify                       0x080047ca   Section        0  fpclassify.o(i.__ARM_fpclassify)
    i._is_digit                              0x080047f2   Section        0  __printf_wp.o(i._is_digit)
    locale$$code                             0x08004800   Section       44  lc_numeric_c.o(locale$$code)
    x$fpl$dretinf                            0x0800482c   Section       12  dretinf.o(x$fpl$dretinf)
    x$fpl$f2d                                0x08004838   Section       86  f2d.o(x$fpl$f2d)
    x$fpl$fdiv                               0x08004890   Section      388  fdiv.o(x$fpl$fdiv)
    _fdiv1                                   0x08004891   Thumb Code     0  fdiv.o(x$fpl$fdiv)
    x$fpl$fflt                               0x08004a14   Section       48  fflt_clz.o(x$fpl$fflt)
    x$fpl$fnaninf                            0x08004a44   Section      140  fnaninf.o(x$fpl$fnaninf)
    x$fpl$fretinf                            0x08004ad0   Section       10  fretinf.o(x$fpl$fretinf)
    x$fpl$printf1                            0x08004ada   Section        4  printf1.o(x$fpl$printf1)
    .constdata                               0x08004ade   Section       40  _printf_hex_int.o(.constdata)
    x$fpl$usenofp                            0x08004ade   Section        0  usenofp.o(x$fpl$usenofp)
    uc_hextab                                0x08004ade   Data          20  _printf_hex_int.o(.constdata)
    lc_hextab                                0x08004af2   Data          20  _printf_hex_int.o(.constdata)
    .constdata                               0x08004b06   Section       17  __printf_flags_wp.o(.constdata)
    maptable                                 0x08004b06   Data          17  __printf_flags_wp.o(.constdata)
    .constdata                               0x08004b18   Section      148  bigflt0.o(.constdata)
    tenpwrs_x                                0x08004b18   Data          60  bigflt0.o(.constdata)
    tenpwrs_i                                0x08004b54   Data          64  bigflt0.o(.constdata)
    locale$$data                             0x08004bcc   Section       28  lc_numeric_c.o(locale$$data)
    __lcnum_c_name                           0x08004bd0   Data           2  lc_numeric_c.o(locale$$data)
    __lcnum_c_start                          0x08004bd8   Data           0  lc_numeric_c.o(locale$$data)
    __lcnum_c_point                          0x08004be4   Data           0  lc_numeric_c.o(locale$$data)
    __lcnum_c_thousands                      0x08004be6   Data           0  lc_numeric_c.o(locale$$data)
    __lcnum_c_grouping                       0x08004be7   Data           0  lc_numeric_c.o(locale$$data)
    __lcnum_c_end                            0x08004be8   Data           0  lc_numeric_c.o(locale$$data)
    .data                                    0x20000000   Section       12  main.o(.data)
    .data                                    0x2000000c   Section       20  stm32f10x_rcc.o(.data)
    APBAHBPrescTable                         0x2000000c   Data          16  stm32f10x_rcc.o(.data)
    ADCPrescTable                            0x2000001c   Data           4  stm32f10x_rcc.o(.data)
    .data                                    0x20000020   Section        1  dma_stm32f10x.o(.data)
    DMA1_Channel                             0x20000020   Data           1  dma_stm32f10x.o(.data)
    .data                                    0x20000024   Section       20  system_stm32f10x.o(.data)
    .bss                                     0x20000038   Section       50  main.o(.bss)
    .bss                                     0x2000006c   Section       96  libspace.o(.bss)
    HEAP                                     0x200000d0   Section      512  startup_stm32f10x_md_vl.o(HEAP)
    Heap_Mem                                 0x200000d0   Data         512  startup_stm32f10x_md_vl.o(HEAP)
    STACK                                    0x200002d0   Section     1024  startup_stm32f10x_md_vl.o(STACK)
    Stack_Mem                                0x200002d0   Data        1024  startup_stm32f10x_md_vl.o(STACK)
    __initial_sp                             0x200006d0   Data           0  startup_stm32f10x_md_vl.o(STACK)

    Global Symbols

    Symbol Name                              Value     Ov Type        Size  Object(Section)

    BuildAttributes$$THM_ISAv4$P$D$K$B$S$PE$A:L22UL41UL21$X:L11$S22US41US21$IEEE1$IW$USESV6$~STKCKD$USESV7$~SHL$OTIME$ROPI$IEEEJ$EBA8$UX$STANDARDLIB$REQ8$PRES8$EABIv2 0x00000000   Number         0  anon$$obj.o ABSOLUTE
    __ARM_use_no_argv                        0x00000000   Number         0  main.o ABSOLUTE
    _printf_flags                            0x00000000   Number         0  printf_stubs.o ABSOLUTE
    _printf_return_value                     0x00000000   Number         0  printf_stubs.o ABSOLUTE
    _printf_sizespec                         0x00000000   Number         0  printf_stubs.o ABSOLUTE
    _printf_widthprec                        0x00000000   Number         0  printf_stubs.o ABSOLUTE
    __ARM_exceptions_init                     - Undefined Weak Reference
    __alloca_initialize                       - Undefined Weak Reference
    __arm_fini_                               - Undefined Weak Reference
    __arm_preinit_                            - Undefined Weak Reference
    __cpp_initialize__aeabi_                  - Undefined Weak Reference
    __cxa_finalize                            - Undefined Weak Reference
    __sigvec_lookup                           - Undefined Weak Reference
    _atexit_init                              - Undefined Weak Reference
    _call_atexit_fns                          - Undefined Weak Reference
    _clock_init                               - Undefined Weak Reference
    _fp_trap_init                             - Undefined Weak Reference
    _fp_trap_shutdown                         - Undefined Weak Reference
    _get_lc_collate                           - Undefined Weak Reference
    _get_lc_ctype                             - Undefined Weak Reference
    _get_lc_monetary                          - Undefined Weak Reference
    _get_lc_time                              - Undefined Weak Reference
    _getenv_init                              - Undefined Weak Reference
    _handle_redirection                       - Undefined Weak Reference
    _init_alloc                               - Undefined Weak Reference
    _init_user_alloc                          - Undefined Weak Reference
    _initio                                   - Undefined Weak Reference
    _printf_truncate_signed                   - Undefined Weak Reference
    _printf_truncate_unsigned                 - Undefined Weak Reference
    _rand_init                                - Undefined Weak Reference
    _signal_finish                            - Undefined Weak Reference
    _signal_init                              - Undefined Weak Reference
    _terminate_alloc                          - Undefined Weak Reference
    _terminate_user_alloc                     - Undefined Weak Reference
    _terminateio                              - Undefined Weak Reference
    __Vectors_Size                           0x00000120   Number         0  startup_stm32f10x_md_vl.o ABSOLUTE
    __Vectors                                0x08000000   Data           4  startup_stm32f10x_md_vl.o(RESET)
    __Vectors_End                            0x08000120   Data           0  startup_stm32f10x_md_vl.o(RESET)
    __main                                   0x08000121   Thumb Code     8  __main.o(!!!main)
    __scatterload                            0x08000129   Thumb Code     0  __scatter.o(!!!scatter)
    __scatterload_rt2                        0x08000129   Thumb Code    44  __scatter.o(!!!scatter)
    __scatterload_rt2_thumb_only             0x08000129   Thumb Code     0  __scatter.o(!!!scatter)
    __scatterload_null                       0x08000137   Thumb Code     0  __scatter.o(!!!scatter)
    __scatterload_copy                       0x0800015d   Thumb Code    26  __scatter_copy.o(!!handler_copy)
    __scatterload_zeroinit                   0x08000179   Thumb Code    28  __scatter_zi.o(!!handler_zi)
    _printf_f                                0x08000195   Thumb Code     0  _printf_f.o(.ARM.Collect$$_printf_percent$$00000003)
    _printf_percent                          0x08000195   Thumb Code     0  _printf_percent.o(.ARM.Collect$$_printf_percent$$00000000)
    _printf_u                                0x0800019b   Thumb Code     0  _printf_u.o(.ARM.Collect$$_printf_percent$$0000000A)
    _printf_x                                0x080001a1   Thumb Code     0  _printf_x.o(.ARM.Collect$$_printf_percent$$0000000C)
    _printf_percent_end                      0x080001a7   Thumb Code     0  _printf_percent_end.o(.ARM.Collect$$_printf_percent$$00000017)
    __rt_lib_init                            0x080001ab   Thumb Code     0  libinit.o(.ARM.Collect$$libinit$$00000000)
    __rt_lib_init_fp_1                       0x080001ad   Thumb Code     0  libinit2.o(.ARM.Collect$$libinit$$00000002)
    __rt_lib_init_heap_1                     0x080001ad   Thumb Code     0  libinit2.o(.ARM.Collect$$libinit$$0000000A)
    __rt_lib_init_lc_common                  0x080001ad   Thumb Code     0  libinit2.o(.ARM.Collect$$libinit$$0000000F)
    __rt_lib_init_preinit_1                  0x080001ad   Thumb Code     0  libinit2.o(.ARM.Collect$$libinit$$00000004)
    __rt_lib_init_rand_1                     0x080001ad   Thumb Code     0  libinit2.o(.ARM.Collect$$libinit$$0000000E)
    __rt_lib_init_user_alloc_1               0x080001ad   Thumb Code     0  libinit2.o(.ARM.Collect$$libinit$$0000000C)
    __rt_lib_init_lc_collate_1               0x080001b3   Thumb Code     0  libinit2.o(.ARM.Collect$$libinit$$00000011)
    __rt_lib_init_lc_ctype_1                 0x080001b3   Thumb Code     0  libinit2.o(.ARM.Collect$$libinit$$00000013)
    __rt_lib_init_lc_monetary_1              0x080001b3   Thumb Code     0  libinit2.o(.ARM.Collect$$libinit$$00000015)
    __rt_lib_init_lc_numeric_2               0x080001b3   Thumb Code     0  libinit2.o(.ARM.Collect$$libinit$$00000016)
    __rt_lib_init_alloca_1                   0x080001bd   Thumb Code     0  libinit2.o(.ARM.Collect$$libinit$$0000002E)
    __rt_lib_init_argv_1                     0x080001bd   Thumb Code     0  libinit2.o(.ARM.Collect$$libinit$$0000002C)
    __rt_lib_init_atexit_1                   0x080001bd   Thumb Code     0  libinit2.o(.ARM.Collect$$libinit$$0000001B)
    __rt_lib_init_clock_1                    0x080001bd   Thumb Code     0  libinit2.o(.ARM.Collect$$libinit$$00000021)
    __rt_lib_init_cpp_1                      0x080001bd   Thumb Code     0  libinit2.o(.ARM.Collect$$libinit$$00000032)
    __rt_lib_init_exceptions_1               0x080001bd   Thumb Code     0  libinit2.o(.ARM.Collect$$libinit$$00000030)
    __rt_lib_init_fp_trap_1                  0x080001bd   Thumb Code     0  libinit2.o(.ARM.Collect$$libinit$$0000001F)
    __rt_lib_init_getenv_1                   0x080001bd   Thumb Code     0  libinit2.o(.ARM.Collect$$libinit$$00000023)
    __rt_lib_init_lc_numeric_1               0x080001bd   Thumb Code     0  libinit2.o(.ARM.Collect$$libinit$$00000017)
    __rt_lib_init_lc_time_1                  0x080001bd   Thumb Code     0  libinit2.o(.ARM.Collect$$libinit$$00000019)
    __rt_lib_init_return                     0x080001bd   Thumb Code     0  libinit2.o(.ARM.Collect$$libinit$$00000033)
    __rt_lib_init_signal_1                   0x080001bd   Thumb Code     0  libinit2.o(.ARM.Collect$$libinit$$0000001D)
    __rt_lib_init_stdio_1                    0x080001bd   Thumb Code     0  libinit2.o(.ARM.Collect$$libinit$$00000025)
    __rt_lib_shutdown                        0x080001bf   Thumb Code     0  libshutdown.o(.ARM.Collect$$libshutdown$$00000000)
    __rt_lib_shutdown_cpp_1                  0x080001c1   Thumb Code     0  libshutdown2.o(.ARM.Collect$$libshutdown$$00000004)
    __rt_lib_shutdown_fini_1                 0x080001c1   Thumb Code     0  libshutdown2.o(.ARM.Collect$$libshutdown$$00000002)
    __rt_lib_shutdown_fp_trap_1              0x080001c1   Thumb Code     0  libshutdown2.o(.ARM.Collect$$libshutdown$$00000009)
    __rt_lib_shutdown_heap_1                 0x080001c1   Thumb Code     0  libshutdown2.o(.ARM.Collect$$libshutdown$$00000011)
    __rt_lib_shutdown_return                 0x080001c1   Thumb Code     0  libshutdown2.o(.ARM.Collect$$libshutdown$$00000012)
    __rt_lib_shutdown_signal_1               0x080001c1   Thumb Code     0  libshutdown2.o(.ARM.Collect$$libshutdown$$0000000C)
    __rt_lib_shutdown_stdio_1                0x080001c1   Thumb Code     0  libshutdown2.o(.ARM.Collect$$libshutdown$$00000006)
    __rt_lib_shutdown_user_alloc_1           0x080001c1   Thumb Code     0  libshutdown2.o(.ARM.Collect$$libshutdown$$0000000E)
    __rt_entry                               0x080001c3   Thumb Code     0  __rtentry.o(.ARM.Collect$$rtentry$$00000000)
    __rt_entry_presh_1                       0x080001c3   Thumb Code     0  __rtentry2.o(.ARM.Collect$$rtentry$$00000002)
    __rt_entry_sh                            0x080001c3   Thumb Code     0  __rtentry4.o(.ARM.Collect$$rtentry$$00000004)
    __rt_entry_li                            0x080001c9   Thumb Code     0  __rtentry2.o(.ARM.Collect$$rtentry$$0000000A)
    __rt_entry_postsh_1                      0x080001c9   Thumb Code     0  __rtentry2.o(.ARM.Collect$$rtentry$$00000009)
    __rt_entry_main                          0x080001cd   Thumb Code     0  __rtentry2.o(.ARM.Collect$$rtentry$$0000000D)
    __rt_entry_postli_1                      0x080001cd   Thumb Code     0  __rtentry2.o(.ARM.Collect$$rtentry$$0000000C)
    __rt_exit                                0x080001d5   Thumb Code     0  rtexit.o(.ARM.Collect$$rtexit$$00000000)
    __rt_exit_ls                             0x080001d7   Thumb Code     0  rtexit2.o(.ARM.Collect$$rtexit$$00000003)
    __rt_exit_prels_1                        0x080001d7   Thumb Code     0  rtexit2.o(.ARM.Collect$$rtexit$$00000002)
    __rt_exit_exit                           0x080001db   Thumb Code     0  rtexit2.o(.ARM.Collect$$rtexit$$00000004)
    main                                     0x080001e1   Thumb Code   332  main.o(.text)
    PeripheralInit_SPI1_Master               0x080003bd   Thumb Code   180  mre6183_spi.o(.text)
    PeripheralInit_SPI1_Master_ReadOnly_16b  0x08000471   Thumb Code   182  mre6183_spi.o(.text)
    PeripheralInit_SPI_SlaveSelect           0x08000527   Thumb Code    42  mre6183_spi.o(.text)
    SPI_SlaveSelect                          0x08000551   Thumb Code    12  mre6183_spi.o(.text)
    SPI_SlaveDeselect                        0x0800055d   Thumb Code    12  mre6183_spi.o(.text)
    transfer_8b_SPI1_Master                  0x08000569   Thumb Code    50  mre6183_spi.o(.text)
    transfer_16b_SPI1_Master                 0x0800059b   Thumb Code    48  mre6183_spi.o(.text)
    receive_16b_SPI1_Master                  0x080005cb   Thumb Code    24  mre6183_spi.o(.text)
    PeripheralInit_SPI2_Master               0x080005e3   Thumb Code   188  mre6183_spi.o(.text)
    transfer_8b_SPI2_Master                  0x0800069f   Thumb Code    50  mre6183_spi.o(.text)
    UART_Init                                0x080006e1   Thumb Code   138  mre6183_uart.o(.text)
    UART_CharOut                             0x0800076b   Thumb Code    42  mre6183_uart.o(.text)
    UART_StringOut                           0x08000795   Thumb Code    30  mre6183_uart.o(.text)
    LED_PC8_Init                             0x080007bd   Thumb Code    46  mre6183_led.o(.text)
    LED_PC9_Init                             0x080007eb   Thumb Code    46  mre6183_led.o(.text)
    LEDToggle                                0x08000819   Thumb Code    34  mre6183_led.o(.text)
    Delay                                    0x08000841   Thumb Code    18  mre6183_delays.o(.text)
    TimerDelay_Init                          0x08000853   Thumb Code    74  mre6183_delays.o(.text)
    delay_us                                 0x0800089d   Thumb Code    22  mre6183_delays.o(.text)
    delay_ms                                 0x080008b3   Thumb Code    34  mre6183_delays.o(.text)
    TimerInterrupt_Init                      0x080008d5   Thumb Code   118  mre6183_delays.o(.text)
    PeripheralInit_I2C1                      0x0800095d   Thumb Code   162  mre6183_i2c.o(.text)
    clear_I2C1_BUSY_flag                     0x080009ff   Thumb Code   278  mre6183_i2c.o(.text)
    send_8b_I2C1                             0x08000b15   Thumb Code   116  mre6183_i2c.o(.text)
    send_Xb_I2C1                             0x08000b89   Thumb Code   162  mre6183_i2c.o(.text)
    send_16b_I2C1                            0x08000c2b   Thumb Code   148  mre6183_i2c.o(.text)
    receive_8b_I2C1                          0x08000cbf   Thumb Code   136  mre6183_i2c.o(.text)
    receive_Xb_I2C1                          0x08000d47   Thumb Code   398  mre6183_i2c.o(.text)
    SHTC3_init                               0x08000ee1   Thumb Code     8  mre6183_shtc3.o(.text)
    SHTC3_write_command                      0x08000ee9   Thumb Code    28  mre6183_shtc3.o(.text)
    SHTC3_read_command                       0x08000f05   Thumb Code    42  mre6183_shtc3.o(.text)
    SHTC3_measure                            0x08000f2f   Thumb Code   106  mre6183_shtc3.o(.text)
    NVIC_PriorityGroupConfig                 0x08000f99   Thumb Code    10  misc.o(.text)
    NVIC_Init                                0x08000fa3   Thumb Code   100  misc.o(.text)
    NVIC_SetVectorTable                      0x08001007   Thumb Code    14  misc.o(.text)
    NVIC_SystemLPConfig                      0x08001015   Thumb Code    34  misc.o(.text)
    SysTick_CLKSourceConfig                  0x08001037   Thumb Code    40  misc.o(.text)
    GPIO_DeInit                              0x08001075   Thumb Code   172  stm32f10x_gpio.o(.text)
    GPIO_AFIODeInit                          0x08001121   Thumb Code    20  stm32f10x_gpio.o(.text)
    GPIO_Init                                0x08001135   Thumb Code   278  stm32f10x_gpio.o(.text)
    GPIO_StructInit                          0x0800124b   Thumb Code    16  stm32f10x_gpio.o(.text)
    GPIO_ReadInputDataBit                    0x0800125b   Thumb Code    18  stm32f10x_gpio.o(.text)
    GPIO_ReadInputData                       0x0800126d   Thumb Code     8  stm32f10x_gpio.o(.text)
    GPIO_ReadOutputDataBit                   0x08001275   Thumb Code    18  stm32f10x_gpio.o(.text)
    GPIO_ReadOutputData                      0x08001287   Thumb Code     8  stm32f10x_gpio.o(.text)
    GPIO_SetBits                             0x0800128f   Thumb Code     4  stm32f10x_gpio.o(.text)
    GPIO_ResetBits                           0x08001293   Thumb Code     4  stm32f10x_gpio.o(.text)
    GPIO_WriteBit                            0x08001297   Thumb Code    10  stm32f10x_gpio.o(.text)
    GPIO_Write                               0x080012a1   Thumb Code     4  stm32f10x_gpio.o(.text)
    GPIO_PinLockConfig                       0x080012a5   Thumb Code    18  stm32f10x_gpio.o(.text)
    GPIO_EventOutputConfig                   0x080012b7   Thumb Code    26  stm32f10x_gpio.o(.text)
    GPIO_EventOutputCmd                      0x080012d1   Thumb Code     6  stm32f10x_gpio.o(.text)
    GPIO_PinRemapConfig                      0x080012d7   Thumb Code   138  stm32f10x_gpio.o(.text)
    GPIO_EXTILineConfig                      0x08001361   Thumb Code    66  stm32f10x_gpio.o(.text)
    GPIO_ETH_MediaInterfaceConfig            0x080013a3   Thumb Code     8  stm32f10x_gpio.o(.text)
    I2C_DeInit                               0x080013d1   Thumb Code    50  stm32f10x_i2c.o(.text)
    I2C_Init                                 0x08001403   Thumb Code   222  stm32f10x_i2c.o(.text)
    I2C_StructInit                           0x080014e1   Thumb Code    30  stm32f10x_i2c.o(.text)
    I2C_Cmd                                  0x080014ff   Thumb Code    24  stm32f10x_i2c.o(.text)
    I2C_DMACmd                               0x08001517   Thumb Code    24  stm32f10x_i2c.o(.text)
    I2C_DMALastTransferCmd                   0x0800152f   Thumb Code    24  stm32f10x_i2c.o(.text)
    I2C_GenerateSTART                        0x08001547   Thumb Code    24  stm32f10x_i2c.o(.text)
    I2C_GenerateSTOP                         0x0800155f   Thumb Code    24  stm32f10x_i2c.o(.text)
    I2C_AcknowledgeConfig                    0x08001577   Thumb Code    24  stm32f10x_i2c.o(.text)
    I2C_OwnAddress2Config                    0x0800158f   Thumb Code    22  stm32f10x_i2c.o(.text)
    I2C_DualAddressCmd                       0x080015a5   Thumb Code    24  stm32f10x_i2c.o(.text)
    I2C_GeneralCallCmd                       0x080015bd   Thumb Code    24  stm32f10x_i2c.o(.text)
    I2C_ITConfig                             0x080015d5   Thumb Code    18  stm32f10x_i2c.o(.text)
    I2C_SendData                             0x080015e7   Thumb Code     4  stm32f10x_i2c.o(.text)
    I2C_ReceiveData                          0x080015eb   Thumb Code     8  stm32f10x_i2c.o(.text)
    I2C_Send7bitAddress                      0x080015f3   Thumb Code    18  stm32f10x_i2c.o(.text)
    I2C_ReadRegister                         0x08001605   Thumb Code    22  stm32f10x_i2c.o(.text)
    I2C_SoftwareResetCmd                     0x0800161b   Thumb Code    22  stm32f10x_i2c.o(.text)
    I2C_NACKPositionConfig                   0x08001631   Thumb Code    28  stm32f10x_i2c.o(.text)
    I2C_SMBusAlertConfig                     0x0800164d   Thumb Code    28  stm32f10x_i2c.o(.text)
    I2C_TransmitPEC                          0x08001669   Thumb Code    24  stm32f10x_i2c.o(.text)
    I2C_PECPositionConfig                    0x08001681   Thumb Code    28  stm32f10x_i2c.o(.text)
    I2C_CalculatePEC                         0x0800169d   Thumb Code    24  stm32f10x_i2c.o(.text)
    I2C_GetPEC                               0x080016b5   Thumb Code     8  stm32f10x_i2c.o(.text)
    I2C_ARPCmd                               0x080016bd   Thumb Code    24  stm32f10x_i2c.o(.text)
    I2C_StretchClockCmd                      0x080016d5   Thumb Code    24  stm32f10x_i2c.o(.text)
    I2C_FastModeDutyCycleConfig              0x080016ed   Thumb Code    28  stm32f10x_i2c.o(.text)
    I2C_CheckEvent                           0x08001709   Thumb Code    42  stm32f10x_i2c.o(.text)
    I2C_GetLastEvent                         0x08001733   Thumb Code    26  stm32f10x_i2c.o(.text)
    I2C_GetFlagStatus                        0x0800174d   Thumb Code    58  stm32f10x_i2c.o(.text)
    I2C_ClearFlag                            0x08001787   Thumb Code    12  stm32f10x_i2c.o(.text)
    I2C_GetITStatus                          0x08001793   Thumb Code    54  stm32f10x_i2c.o(.text)
    I2C_ClearITPendingBit                    0x080017c9   Thumb Code    12  stm32f10x_i2c.o(.text)
    RCC_DeInit                               0x080017d5   Thumb Code    68  stm32f10x_rcc.o(.text)
    RCC_HSEConfig                            0x08001819   Thumb Code    70  stm32f10x_rcc.o(.text)
    RCC_GetFlagStatus                        0x0800185f   Thumb Code    56  stm32f10x_rcc.o(.text)
    RCC_WaitForHSEStartUp                    0x08001897   Thumb Code    56  stm32f10x_rcc.o(.text)
    RCC_AdjustHSICalibrationValue            0x080018cf   Thumb Code    20  stm32f10x_rcc.o(.text)
    RCC_HSICmd                               0x080018e3   Thumb Code     6  stm32f10x_rcc.o(.text)
    RCC_PLLConfig                            0x080018e9   Thumb Code    24  stm32f10x_rcc.o(.text)
    RCC_PLLCmd                               0x08001901   Thumb Code     6  stm32f10x_rcc.o(.text)
    RCC_PREDIV1Config                        0x08001907   Thumb Code    24  stm32f10x_rcc.o(.text)
    RCC_SYSCLKConfig                         0x0800191f   Thumb Code    18  stm32f10x_rcc.o(.text)
    RCC_GetSYSCLKSource                      0x08001931   Thumb Code    10  stm32f10x_rcc.o(.text)
    RCC_HCLKConfig                           0x0800193b   Thumb Code    18  stm32f10x_rcc.o(.text)
    RCC_PCLK1Config                          0x0800194d   Thumb Code    18  stm32f10x_rcc.o(.text)
    RCC_PCLK2Config                          0x0800195f   Thumb Code    20  stm32f10x_rcc.o(.text)
    RCC_ITConfig                             0x08001973   Thumb Code    26  stm32f10x_rcc.o(.text)
    RCC_USBCLKConfig                         0x0800198d   Thumb Code     8  stm32f10x_rcc.o(.text)
    RCC_ADCCLKConfig                         0x08001995   Thumb Code    18  stm32f10x_rcc.o(.text)
    RCC_LSEConfig                            0x080019a7   Thumb Code    50  stm32f10x_rcc.o(.text)
    RCC_LSICmd                               0x080019d9   Thumb Code     6  stm32f10x_rcc.o(.text)
    RCC_RTCCLKConfig                         0x080019df   Thumb Code    12  stm32f10x_rcc.o(.text)
    RCC_RTCCLKCmd                            0x080019eb   Thumb Code     8  stm32f10x_rcc.o(.text)
    RCC_GetClocksFreq                        0x080019f3   Thumb Code   190  stm32f10x_rcc.o(.text)
    RCC_AHBPeriphClockCmd                    0x08001ab1   Thumb Code    26  stm32f10x_rcc.o(.text)
    RCC_APB2PeriphClockCmd                   0x08001acb   Thumb Code    26  stm32f10x_rcc.o(.text)
    RCC_APB1PeriphClockCmd                   0x08001ae5   Thumb Code    26  stm32f10x_rcc.o(.text)
    RCC_APB2PeriphResetCmd                   0x08001aff   Thumb Code    26  stm32f10x_rcc.o(.text)
    RCC_APB1PeriphResetCmd                   0x08001b19   Thumb Code    26  stm32f10x_rcc.o(.text)
    RCC_BackupResetCmd                       0x08001b33   Thumb Code     8  stm32f10x_rcc.o(.text)
    RCC_ClockSecuritySystemCmd               0x08001b3b   Thumb Code     6  stm32f10x_rcc.o(.text)
    RCC_MCOConfig                            0x08001b41   Thumb Code     6  stm32f10x_rcc.o(.text)
    RCC_ClearFlag                            0x08001b47   Thumb Code    14  stm32f10x_rcc.o(.text)
    RCC_GetITStatus                          0x08001b55   Thumb Code    20  stm32f10x_rcc.o(.text)
    RCC_ClearITPendingBit                    0x08001b69   Thumb Code     6  stm32f10x_rcc.o(.text)
    SPI_I2S_DeInit                           0x08001b99   Thumb Code    76  stm32f10x_spi.o(.text)
    SPI_Init                                 0x08001be5   Thumb Code    60  stm32f10x_spi.o(.text)
    I2S_Init                                 0x08001c21   Thumb Code   226  stm32f10x_spi.o(.text)
    SPI_StructInit                           0x08001d03   Thumb Code    24  stm32f10x_spi.o(.text)
    I2S_StructInit                           0x08001d1b   Thumb Code    20  stm32f10x_spi.o(.text)
    SPI_Cmd                                  0x08001d2f   Thumb Code    24  stm32f10x_spi.o(.text)
    I2S_Cmd                                  0x08001d47   Thumb Code    24  stm32f10x_spi.o(.text)
    SPI_I2S_ITConfig                         0x08001d5f   Thumb Code    32  stm32f10x_spi.o(.text)
    SPI_I2S_DMACmd                           0x08001d7f   Thumb Code    18  stm32f10x_spi.o(.text)
    SPI_I2S_SendData                         0x08001d91   Thumb Code     4  stm32f10x_spi.o(.text)
    SPI_I2S_ReceiveData                      0x08001d95   Thumb Code     6  stm32f10x_spi.o(.text)
    SPI_NSSInternalSoftwareConfig            0x08001d9b   Thumb Code    30  stm32f10x_spi.o(.text)
    SPI_SSOutputCmd                          0x08001db9   Thumb Code    24  stm32f10x_spi.o(.text)
    SPI_DataSizeConfig                       0x08001dd1   Thumb Code    18  stm32f10x_spi.o(.text)
    SPI_TransmitCRC                          0x08001de3   Thumb Code    10  stm32f10x_spi.o(.text)
    SPI_CalculateCRC                         0x08001ded   Thumb Code    24  stm32f10x_spi.o(.text)
    SPI_GetCRC                               0x08001e05   Thumb Code    16  stm32f10x_spi.o(.text)
    SPI_GetCRCPolynomial                     0x08001e15   Thumb Code     6  stm32f10x_spi.o(.text)
    SPI_BiDirectionalLineConfig              0x08001e1b   Thumb Code    28  stm32f10x_spi.o(.text)
    SPI_I2S_GetFlagStatus                    0x08001e37   Thumb Code    18  stm32f10x_spi.o(.text)
    SPI_I2S_ClearFlag                        0x08001e49   Thumb Code     6  stm32f10x_spi.o(.text)
    SPI_I2S_GetITStatus                      0x08001e4f   Thumb Code    52  stm32f10x_spi.o(.text)
    SPI_I2S_ClearITPendingBit                0x08001e83   Thumb Code    20  stm32f10x_spi.o(.text)
    TIM_DeInit                               0x08001ea5   Thumb Code   424  stm32f10x_tim.o(.text)
    TIM_TimeBaseInit                         0x0800204d   Thumb Code   122  stm32f10x_tim.o(.text)
    TIM_OC1Init                              0x080020c7   Thumb Code   132  stm32f10x_tim.o(.text)
    TIM_OC2Init                              0x0800214b   Thumb Code   154  stm32f10x_tim.o(.text)
    TIM_OC3Init                              0x080021e5   Thumb Code   150  stm32f10x_tim.o(.text)
    TIM_OC4Init                              0x0800227b   Thumb Code   182  stm32f10x_tim.o(.text)
    TIM_SetIC4Prescaler                      0x08002331   Thumb Code    26  stm32f10x_tim.o(.text)
    TIM_SetIC3Prescaler                      0x080023cd   Thumb Code    18  stm32f10x_tim.o(.text)
    TIM_SetIC2Prescaler                      0x08002459   Thumb Code    26  stm32f10x_tim.o(.text)
    TIM_SetIC1Prescaler                      0x080024f5   Thumb Code    18  stm32f10x_tim.o(.text)
    TIM_ICInit                               0x08002573   Thumb Code   150  stm32f10x_tim.o(.text)
    TIM_PWMIConfig                           0x08002609   Thumb Code   124  stm32f10x_tim.o(.text)
    TIM_BDTRConfig                           0x08002685   Thumb Code    32  stm32f10x_tim.o(.text)
    TIM_TimeBaseStructInit                   0x080026a5   Thumb Code    18  stm32f10x_tim.o(.text)
    TIM_OCStructInit                         0x080026b7   Thumb Code    20  stm32f10x_tim.o(.text)
    TIM_ICStructInit                         0x080026cb   Thumb Code    18  stm32f10x_tim.o(.text)
    TIM_BDTRStructInit                       0x080026dd   Thumb Code    40  stm32f10x_tim.o(.text)
    TIM_Cmd                                  0x08002705   Thumb Code    24  stm32f10x_tim.o(.text)
    TIM_CtrlPWMOutputs                       0x0800271d   Thumb Code    30  stm32f10x_tim.o(.text)
    TIM_ITConfig                             0x0800273b   Thumb Code    18  stm32f10x_tim.o(.text)
    TIM_GenerateEvent                        0x0800274d   Thumb Code     4  stm32f10x_tim.o(.text)
    TIM_DMAConfig                            0x08002751   Thumb Code    10  stm32f10x_tim.o(.text)
    TIM_DMACmd                               0x0800275b   Thumb Code    18  stm32f10x_tim.o(.text)
    TIM_InternalClockConfig                  0x0800276d   Thumb Code    12  stm32f10x_tim.o(.text)
    TIM_SelectInputTrigger                   0x08002779   Thumb Code    18  stm32f10x_tim.o(.text)
    TIM_ITRxExternalClockConfig              0x0800278b   Thumb Code    24  stm32f10x_tim.o(.text)
    TIM_TIxExternalClockConfig               0x080027a3   Thumb Code    62  stm32f10x_tim.o(.text)
    TIM_ETRConfig                            0x080027e1   Thumb Code    28  stm32f10x_tim.o(.text)
    TIM_ETRClockMode1Config                  0x080027fd   Thumb Code    54  stm32f10x_tim.o(.text)
    TIM_ETRClockMode2Config                  0x08002833   Thumb Code    32  stm32f10x_tim.o(.text)
    TIM_PrescalerConfig                      0x08002853   Thumb Code     6  stm32f10x_tim.o(.text)
    TIM_CounterModeConfig                    0x08002859   Thumb Code    18  stm32f10x_tim.o(.text)
    TIM_EncoderInterfaceConfig               0x0800286b   Thumb Code    66  stm32f10x_tim.o(.text)
    TIM_ForcedOC1Config                      0x080028ad   Thumb Code    18  stm32f10x_tim.o(.text)
    TIM_ForcedOC2Config                      0x080028bf   Thumb Code    26  stm32f10x_tim.o(.text)
    TIM_ForcedOC3Config                      0x080028d9   Thumb Code    18  stm32f10x_tim.o(.text)
    TIM_ForcedOC4Config                      0x080028eb   Thumb Code    26  stm32f10x_tim.o(.text)
    TIM_ARRPreloadConfig                     0x08002905   Thumb Code    24  stm32f10x_tim.o(.text)
    TIM_SelectCOM                            0x0800291d   Thumb Code    24  stm32f10x_tim.o(.text)
    TIM_SelectCCDMA                          0x08002935   Thumb Code    24  stm32f10x_tim.o(.text)
    TIM_CCPreloadControl                     0x0800294d   Thumb Code    24  stm32f10x_tim.o(.text)
    TIM_OC1PreloadConfig                     0x08002965   Thumb Code    18  stm32f10x_tim.o(.text)
    TIM_OC2PreloadConfig                     0x08002977   Thumb Code    26  stm32f10x_tim.o(.text)
    TIM_OC3PreloadConfig                     0x08002991   Thumb Code    18  stm32f10x_tim.o(.text)
    TIM_OC4PreloadConfig                     0x080029a3   Thumb Code    26  stm32f10x_tim.o(.text)
    TIM_OC1FastConfig                        0x080029bd   Thumb Code    18  stm32f10x_tim.o(.text)
    TIM_OC2FastConfig                        0x080029cf   Thumb Code    26  stm32f10x_tim.o(.text)
    TIM_OC3FastConfig                        0x080029e9   Thumb Code    18  stm32f10x_tim.o(.text)
    TIM_OC4FastConfig                        0x080029fb   Thumb Code    26  stm32f10x_tim.o(.text)
    TIM_ClearOC1Ref                          0x08002a15   Thumb Code    18  stm32f10x_tim.o(.text)
    TIM_ClearOC2Ref                          0x08002a27   Thumb Code    24  stm32f10x_tim.o(.text)
    TIM_ClearOC3Ref                          0x08002a3f   Thumb Code    18  stm32f10x_tim.o(.text)
    TIM_ClearOC4Ref                          0x08002a51   Thumb Code    24  stm32f10x_tim.o(.text)
    TIM_OC1PolarityConfig                    0x08002a69   Thumb Code    18  stm32f10x_tim.o(.text)
    TIM_OC1NPolarityConfig                   0x08002a7b   Thumb Code    18  stm32f10x_tim.o(.text)
    TIM_OC2PolarityConfig                    0x08002a8d   Thumb Code    26  stm32f10x_tim.o(.text)
    TIM_OC2NPolarityConfig                   0x08002aa7   Thumb Code    26  stm32f10x_tim.o(.text)
    TIM_OC3PolarityConfig                    0x08002ac1   Thumb Code    26  stm32f10x_tim.o(.text)
    TIM_OC3NPolarityConfig                   0x08002adb   Thumb Code    26  stm32f10x_tim.o(.text)
    TIM_OC4PolarityConfig                    0x08002af5   Thumb Code    26  stm32f10x_tim.o(.text)
    TIM_CCxCmd                               0x08002b0f   Thumb Code    30  stm32f10x_tim.o(.text)
    TIM_CCxNCmd                              0x08002b2d   Thumb Code    30  stm32f10x_tim.o(.text)
    TIM_SelectOCxM                           0x08002b4b   Thumb Code    82  stm32f10x_tim.o(.text)
    TIM_UpdateDisableConfig                  0x08002b9d   Thumb Code    24  stm32f10x_tim.o(.text)
    TIM_UpdateRequestConfig                  0x08002bb5   Thumb Code    24  stm32f10x_tim.o(.text)
    TIM_SelectHallSensor                     0x08002bcd   Thumb Code    24  stm32f10x_tim.o(.text)
    TIM_SelectOnePulseMode                   0x08002be5   Thumb Code    18  stm32f10x_tim.o(.text)
    TIM_SelectOutputTrigger                  0x08002bf7   Thumb Code    18  stm32f10x_tim.o(.text)
    TIM_SelectSlaveMode                      0x08002c09   Thumb Code    18  stm32f10x_tim.o(.text)
    TIM_SelectMasterSlaveMode                0x08002c1b   Thumb Code    18  stm32f10x_tim.o(.text)
    TIM_SetCounter                           0x08002c2d   Thumb Code     4  stm32f10x_tim.o(.text)
    TIM_SetAutoreload                        0x08002c31   Thumb Code     4  stm32f10x_tim.o(.text)
    TIM_SetCompare1                          0x08002c35   Thumb Code     4  stm32f10x_tim.o(.text)
    TIM_SetCompare2                          0x08002c39   Thumb Code     4  stm32f10x_tim.o(.text)
    TIM_SetCompare3                          0x08002c3d   Thumb Code     4  stm32f10x_tim.o(.text)
    TIM_SetCompare4                          0x08002c41   Thumb Code     6  stm32f10x_tim.o(.text)
    TIM_SetClockDivision                     0x08002c47   Thumb Code    18  stm32f10x_tim.o(.text)
    TIM_GetCapture1                          0x08002c59   Thumb Code     6  stm32f10x_tim.o(.text)
    TIM_GetCapture2                          0x08002c5f   Thumb Code     6  stm32f10x_tim.o(.text)
    TIM_GetCapture3                          0x08002c65   Thumb Code     6  stm32f10x_tim.o(.text)
    TIM_GetCapture4                          0x08002c6b   Thumb Code     8  stm32f10x_tim.o(.text)
    TIM_GetCounter                           0x08002c73   Thumb Code     6  stm32f10x_tim.o(.text)
    TIM_GetPrescaler                         0x08002c79   Thumb Code     6  stm32f10x_tim.o(.text)
    TIM_GetFlagStatus                        0x08002c7f   Thumb Code    18  stm32f10x_tim.o(.text)
    TIM_ClearFlag                            0x08002c91   Thumb Code     6  stm32f10x_tim.o(.text)
    TIM_GetITStatus                          0x08002c97   Thumb Code    34  stm32f10x_tim.o(.text)
    TIM_ClearITPendingBit                    0x08002cb9   Thumb Code     6  stm32f10x_tim.o(.text)
    USART_DeInit                             0x08002cc1   Thumb Code   134  stm32f10x_usart.o(.text)
    USART_Init                               0x08002d47   Thumb Code   210  stm32f10x_usart.o(.text)
    USART_StructInit                         0x08002e19   Thumb Code    24  stm32f10x_usart.o(.text)
    USART_ClockInit                          0x08002e31   Thumb Code    34  stm32f10x_usart.o(.text)
    USART_ClockStructInit                    0x08002e53   Thumb Code    12  stm32f10x_usart.o(.text)
    USART_Cmd                                0x08002e5f   Thumb Code    24  stm32f10x_usart.o(.text)
    USART_ITConfig                           0x08002e77   Thumb Code    74  stm32f10x_usart.o(.text)
    USART_DMACmd                             0x08002ec1   Thumb Code    18  stm32f10x_usart.o(.text)
    USART_SetAddress                         0x08002ed3   Thumb Code    18  stm32f10x_usart.o(.text)
    USART_WakeUpConfig                       0x08002ee5   Thumb Code    18  stm32f10x_usart.o(.text)
    USART_ReceiverWakeUpCmd                  0x08002ef7   Thumb Code    24  stm32f10x_usart.o(.text)
    USART_LINBreakDetectLengthConfig         0x08002f0f   Thumb Code    18  stm32f10x_usart.o(.text)
    USART_LINCmd                             0x08002f21   Thumb Code    24  stm32f10x_usart.o(.text)
    USART_SendData                           0x08002f39   Thumb Code     8  stm32f10x_usart.o(.text)
    USART_ReceiveData                        0x08002f41   Thumb Code    10  stm32f10x_usart.o(.text)
    USART_SendBreak                          0x08002f4b   Thumb Code    10  stm32f10x_usart.o(.text)
    USART_SetGuardTime                       0x08002f55   Thumb Code    16  stm32f10x_usart.o(.text)
    USART_SetPrescaler                       0x08002f65   Thumb Code    16  stm32f10x_usart.o(.text)
    USART_SmartCardCmd                       0x08002f75   Thumb Code    24  stm32f10x_usart.o(.text)
    USART_SmartCardNACKCmd                   0x08002f8d   Thumb Code    24  stm32f10x_usart.o(.text)
    USART_HalfDuplexCmd                      0x08002fa5   Thumb Code    24  stm32f10x_usart.o(.text)
    USART_OverSampling8Cmd                   0x08002fbd   Thumb Code    22  stm32f10x_usart.o(.text)
    USART_OneBitMethodCmd                    0x08002fd3   Thumb Code    24  stm32f10x_usart.o(.text)
    USART_IrDAConfig                         0x08002feb   Thumb Code    18  stm32f10x_usart.o(.text)
    USART_IrDACmd                            0x08002ffd   Thumb Code    24  stm32f10x_usart.o(.text)
    USART_GetFlagStatus                      0x08003015   Thumb Code    26  stm32f10x_usart.o(.text)
    USART_ClearFlag                          0x0800302f   Thumb Code    18  stm32f10x_usart.o(.text)
    USART_GetITStatus                        0x08003041   Thumb Code    84  stm32f10x_usart.o(.text)
    USART_ClearITPendingBit                  0x08003095   Thumb Code    52  stm32f10x_usart.o(.text)
    DMA_ChannelInitialize                    0x08003109   Thumb Code   242  dma_stm32f10x.o(.text)
    DMA_ChannelUninitialize                  0x080031fb   Thumb Code   174  dma_stm32f10x.o(.text)
    DMA1_Channel1_Event                      0x080032a9   Thumb Code     2  dma_stm32f10x.o(.text)
    DMA1_Channel2_Event                      0x080032ab   Thumb Code     2  dma_stm32f10x.o(.text)
    DMA1_Channel3_Event                      0x080032ad   Thumb Code     2  dma_stm32f10x.o(.text)
    DMA1_Channel4_Event                      0x080032af   Thumb Code     2  dma_stm32f10x.o(.text)
    DMA1_Channel5_Event                      0x080032b1   Thumb Code     2  dma_stm32f10x.o(.text)
    DMA1_Channel6_Event                      0x080032b3   Thumb Code     2  dma_stm32f10x.o(.text)
    DMA1_Channel7_Event                      0x080032b5   Thumb Code     2  dma_stm32f10x.o(.text)
    DMA1_Channel1_IRQHandler                 0x080032b7   Thumb Code    22  dma_stm32f10x.o(.text)
    DMA1_Channel2_IRQHandler                 0x080032cd   Thumb Code    24  dma_stm32f10x.o(.text)
    DMA1_Channel3_IRQHandler                 0x080032e5   Thumb Code    24  dma_stm32f10x.o(.text)
    DMA1_Channel4_IRQHandler                 0x080032fd   Thumb Code    24  dma_stm32f10x.o(.text)
    DMA1_Channel5_IRQHandler                 0x08003315   Thumb Code    24  dma_stm32f10x.o(.text)
    DMA1_Channel6_IRQHandler                 0x0800332d   Thumb Code    24  dma_stm32f10x.o(.text)
    DMA1_Channel7_IRQHandler                 0x08003345   Thumb Code    24  dma_stm32f10x.o(.text)
    Reset_Handler                            0x08003389   Thumb Code     8  startup_stm32f10x_md_vl.o(.text)
    NMI_Handler                              0x08003391   Thumb Code     2  startup_stm32f10x_md_vl.o(.text)
    HardFault_Handler                        0x08003393   Thumb Code     2  startup_stm32f10x_md_vl.o(.text)
    MemManage_Handler                        0x08003395   Thumb Code     2  startup_stm32f10x_md_vl.o(.text)
    BusFault_Handler                         0x08003397   Thumb Code     2  startup_stm32f10x_md_vl.o(.text)
    UsageFault_Handler                       0x08003399   Thumb Code     2  startup_stm32f10x_md_vl.o(.text)
    SVC_Handler                              0x0800339b   Thumb Code     2  startup_stm32f10x_md_vl.o(.text)
    DebugMon_Handler                         0x0800339d   Thumb Code     2  startup_stm32f10x_md_vl.o(.text)
    PendSV_Handler                           0x0800339f   Thumb Code     2  startup_stm32f10x_md_vl.o(.text)
    SysTick_Handler                          0x080033a1   Thumb Code     2  startup_stm32f10x_md_vl.o(.text)
    ADC1_IRQHandler                          0x080033a3   Thumb Code     0  startup_stm32f10x_md_vl.o(.text)
    CEC_IRQHandler                           0x080033a3   Thumb Code     0  startup_stm32f10x_md_vl.o(.text)
    EXTI0_IRQHandler                         0x080033a3   Thumb Code     0  startup_stm32f10x_md_vl.o(.text)
    EXTI15_10_IRQHandler                     0x080033a3   Thumb Code     0  startup_stm32f10x_md_vl.o(.text)
    EXTI1_IRQHandler                         0x080033a3   Thumb Code     0  startup_stm32f10x_md_vl.o(.text)
    EXTI2_IRQHandler                         0x080033a3   Thumb Code     0  startup_stm32f10x_md_vl.o(.text)
    EXTI3_IRQHandler                         0x080033a3   Thumb Code     0  startup_stm32f10x_md_vl.o(.text)
    EXTI4_IRQHandler                         0x080033a3   Thumb Code     0  startup_stm32f10x_md_vl.o(.text)
    EXTI9_5_IRQHandler                       0x080033a3   Thumb Code     0  startup_stm32f10x_md_vl.o(.text)
    FLASH_IRQHandler                         0x080033a3   Thumb Code     0  startup_stm32f10x_md_vl.o(.text)
    I2C1_ER_IRQHandler                       0x080033a3   Thumb Code     0  startup_stm32f10x_md_vl.o(.text)
    I2C1_EV_IRQHandler                       0x080033a3   Thumb Code     0  startup_stm32f10x_md_vl.o(.text)
    I2C2_ER_IRQHandler                       0x080033a3   Thumb Code     0  startup_stm32f10x_md_vl.o(.text)
    I2C2_EV_IRQHandler                       0x080033a3   Thumb Code     0  startup_stm32f10x_md_vl.o(.text)
    PVD_IRQHandler                           0x080033a3   Thumb Code     0  startup_stm32f10x_md_vl.o(.text)
    RCC_IRQHandler                           0x080033a3   Thumb Code     0  startup_stm32f10x_md_vl.o(.text)
    RTCAlarm_IRQHandler                      0x080033a3   Thumb Code     0  startup_stm32f10x_md_vl.o(.text)
    RTC_IRQHandler                           0x080033a3   Thumb Code     0  startup_stm32f10x_md_vl.o(.text)
    SPI1_IRQHandler                          0x080033a3   Thumb Code     0  startup_stm32f10x_md_vl.o(.text)
    SPI2_IRQHandler                          0x080033a3   Thumb Code     0  startup_stm32f10x_md_vl.o(.text)
    TAMPER_IRQHandler                        0x080033a3   Thumb Code     0  startup_stm32f10x_md_vl.o(.text)
    TIM1_BRK_TIM15_IRQHandler                0x080033a3   Thumb Code     0  startup_stm32f10x_md_vl.o(.text)
    TIM1_CC_IRQHandler                       0x080033a3   Thumb Code     0  startup_stm32f10x_md_vl.o(.text)
    TIM1_TRG_COM_TIM17_IRQHandler            0x080033a3   Thumb Code     0  startup_stm32f10x_md_vl.o(.text)
    TIM1_UP_TIM16_IRQHandler                 0x080033a3   Thumb Code     0  startup_stm32f10x_md_vl.o(.text)
    TIM2_IRQHandler                          0x080033a3   Thumb Code     0  startup_stm32f10x_md_vl.o(.text)
    TIM3_IRQHandler                          0x080033a3   Thumb Code     0  startup_stm32f10x_md_vl.o(.text)
    TIM4_IRQHandler                          0x080033a3   Thumb Code     0  startup_stm32f10x_md_vl.o(.text)
    TIM6_DAC_IRQHandler                      0x080033a3   Thumb Code     0  startup_stm32f10x_md_vl.o(.text)
    TIM7_IRQHandler                          0x080033a3   Thumb Code     0  startup_stm32f10x_md_vl.o(.text)
    USART1_IRQHandler                        0x080033a3   Thumb Code     0  startup_stm32f10x_md_vl.o(.text)
    USART2_IRQHandler                        0x080033a3   Thumb Code     0  startup_stm32f10x_md_vl.o(.text)
    USART3_IRQHandler                        0x080033a3   Thumb Code     0  startup_stm32f10x_md_vl.o(.text)
    WWDG_IRQHandler                          0x080033a3   Thumb Code     0  startup_stm32f10x_md_vl.o(.text)
    __user_initial_stackheap                 0x080033a5   Thumb Code     0  startup_stm32f10x_md_vl.o(.text)
    SystemInit                               0x08003483   Thumb Code    82  system_stm32f10x.o(.text)
    SystemCoreClockUpdate                    0x080034d5   Thumb Code   138  system_stm32f10x.o(.text)
    __2sprintf                               0x08003581   Thumb Code    34  noretval__2sprintf.o(.text)
    _printf_pre_padding                      0x080035a9   Thumb Code    44  _printf_pad.o(.text)
    _printf_post_padding                     0x080035d5   Thumb Code    34  _printf_pad.o(.text)
    _printf_int_dec                          0x080035f9   Thumb Code   104  _printf_dec.o(.text)
    _printf_int_hex                          0x08003671   Thumb Code    84  _printf_hex_int.o(.text)
    _printf_longlong_hex                     0x08003671   Thumb Code     0  _printf_hex_int.o(.text)
    __printf                                 0x080036c9   Thumb Code   308  __printf_flags_wp.o(.text)
    strlen                                   0x08003801   Thumb Code    62  strlen.o(.text)
    __use_two_region_memory                  0x0800383f   Thumb Code     2  heapauxi.o(.text)
    __rt_heap_escrow$2region                 0x08003841   Thumb Code     2  heapauxi.o(.text)
    __rt_heap_expand$2region                 0x08003843   Thumb Code     2  heapauxi.o(.text)
    _printf_int_common                       0x08003845   Thumb Code   178  _printf_intcommon.o(.text)
    __lib_sel_fp_printf                      0x080038f7   Thumb Code     2  _printf_fp_dec.o(.text)
    _printf_fp_dec_real                      0x08003aa9   Thumb Code   620  _printf_fp_dec.o(.text)
    _printf_char_common                      0x08003d1f   Thumb Code    32  _printf_char_common.o(.text)
    _sputc                                   0x08003d45   Thumb Code    10  _sputc.o(.text)
    __rt_locale                              0x08003d51   Thumb Code     8  rt_locale_intlibspace.o(.text)
    _ll_udiv10                               0x08003d59   Thumb Code   138  lludiv10.o(.text)
    _printf_fp_infnan                        0x08003de5   Thumb Code   112  _printf_fp_infnan.o(.text)
    _btod_etento                             0x08003e65   Thumb Code   224  bigflt0.o(.text)
    __user_libspace                          0x08003f49   Thumb Code     8  libspace.o(.text)
    __user_perproc_libspace                  0x08003f49   Thumb Code     0  libspace.o(.text)
    __user_perthread_libspace                0x08003f49   Thumb Code     0  libspace.o(.text)
    __user_setup_stackheap                   0x08003f51   Thumb Code    74  sys_stackheap_outer.o(.text)
    exit                                     0x08003f9b   Thumb Code    18  exit.o(.text)
    strcmp                                   0x08003fad   Thumb Code   128  strcmpv7m.o(.text)
    _sys_exit                                0x0800402d   Thumb Code     8  sys_exit.o(.text)
    __I$use$semihosting                      0x08004039   Thumb Code     0  use_no_semi.o(.text)
    __use_no_semihosting_swi                 0x08004039   Thumb Code     2  use_no_semi.o(.text)
    __semihosting_library_function           0x0800403b   Thumb Code     0  indicate_semi.o(.text)
    _btod_d2e                                0x0800403b   Thumb Code    62  btod.o(CL$$btod_d2e)
    _d2e_denorm_low                          0x08004079   Thumb Code    70  btod.o(CL$$btod_d2e_denorm_low)
    _d2e_norm_op1                            0x080040bf   Thumb Code    96  btod.o(CL$$btod_d2e_norm_op1)
    __btod_div_common                        0x0800411f   Thumb Code   696  btod.o(CL$$btod_div_common)
    _e2e                                     0x08004457   Thumb Code   220  btod.o(CL$$btod_e2e)
    _btod_ediv                               0x08004533   Thumb Code    42  btod.o(CL$$btod_ediv)
    _btod_emul                               0x0800455d   Thumb Code    42  btod.o(CL$$btod_emul)
    __btod_mult_common                       0x08004587   Thumb Code   580  btod.o(CL$$btod_mult_common)
    __ARM_fpclassify                         0x080047cb   Thumb Code    40  fpclassify.o(i.__ARM_fpclassify)
    _is_digit                                0x080047f3   Thumb Code    14  __printf_wp.o(i._is_digit)
    _get_lc_numeric                          0x08004801   Thumb Code    44  lc_numeric_c.o(locale$$code)
    __fpl_dretinf                            0x0800482d   Thumb Code    12  dretinf.o(x$fpl$dretinf)
    __aeabi_f2d                              0x08004839   Thumb Code     0  f2d.o(x$fpl$f2d)
    _f2d                                     0x08004839   Thumb Code    86  f2d.o(x$fpl$f2d)
    __aeabi_fdiv                             0x08004891   Thumb Code     0  fdiv.o(x$fpl$fdiv)
    _fdiv                                    0x08004891   Thumb Code   384  fdiv.o(x$fpl$fdiv)
    __aeabi_i2f                              0x08004a15   Thumb Code     0  fflt_clz.o(x$fpl$fflt)
    _fflt                                    0x08004a15   Thumb Code    48  fflt_clz.o(x$fpl$fflt)
    __fpl_fnaninf                            0x08004a45   Thumb Code   140  fnaninf.o(x$fpl$fnaninf)
    __fpl_fretinf                            0x08004ad1   Thumb Code    10  fretinf.o(x$fpl$fretinf)
    _printf_fp_dec                           0x08004adb   Thumb Code     4  printf1.o(x$fpl$printf1)
    __I$use$fp                               0x08004ade   Number         0  usenofp.o(x$fpl$usenofp)
    Region$$Table$$Base                      0x08004bac   Number         0  anon$$obj.o(Region$$Table)
    Region$$Table$$Limit                     0x08004bcc   Number         0  anon$$obj.o(Region$$Table)
    numRead16b                               0x20000000   Data           2  main.o(.data)
    temp                                     0x20000004   Data           4  main.o(.data)
    testSPI                                  0x20000008   Data           1  main.o(.data)
    testI2C                                  0x20000009   Data           1  main.o(.data)
    testUART                                 0x2000000a   Data           1  main.o(.data)
    serial_char_out                          0x2000000b   Data           1  main.o(.data)
    SystemCoreClock                          0x20000024   Data           4  system_stm32f10x.o(.data)
    AHBPrescTable                            0x20000028   Data          16  system_stm32f10x.o(.data)
    serial_string_out1                       0x20000038   Data          50  main.o(.bss)
    __libspace_start                         0x2000006c   Data          96  libspace.o(.bss)
    __temporary_stack_top$libspace           0x200000cc   Data           0  libspace.o(.bss)



==============================================================================

Memory Map of the image

  Image Entry point : 0x08003389

  Load Region LR_1 (Base: 0x08000000, Size: 0x00004c20, Max: 0xffffffff, ABSOLUTE)

    Execution Region ER_RO (Exec base: 0x08000000, Load base: 0x08000000, Size: 0x00004be8, Max: 0xffffffff, ABSOLUTE)

    Exec Addr    Load Addr    Size         Type   Attr      Idx    E Section Name        Object

    0x08000000   0x08000000   0x00000120   Data   RO          636    RESET               startup_stm32f10x_md_vl.o
    0x08000120   0x08000120   0x00000008   Code   RO          732  * !!!main             c_w.l(__main.o)
    0x08000128   0x08000128   0x00000034   Code   RO          966    !!!scatter          c_w.l(__scatter.o)
    0x0800015c   0x0800015c   0x0000001a   Code   RO          968    !!handler_copy      c_w.l(__scatter_copy.o)
    0x08000176   0x08000176   0x00000002   PAD
    0x08000178   0x08000178   0x0000001c   Code   RO          970    !!handler_zi        c_w.l(__scatter_zi.o)
    0x08000194   0x08000194   0x00000000   Code   RO          727    .ARM.Collect$$_printf_percent$$00000000  c_w.l(_printf_percent.o)
    0x08000194   0x08000194   0x00000006   Code   RO          726    .ARM.Collect$$_printf_percent$$00000003  c_w.l(_printf_f.o)
    0x0800019a   0x0800019a   0x00000006   Code   RO          725    .ARM.Collect$$_printf_percent$$0000000A  c_w.l(_printf_u.o)
    0x080001a0   0x080001a0   0x00000006   Code   RO          724    .ARM.Collect$$_printf_percent$$0000000C  c_w.l(_printf_x.o)
    0x080001a6   0x080001a6   0x00000004   Code   RO          757    .ARM.Collect$$_printf_percent$$00000017  c_w.l(_printf_percent_end.o)
    0x080001aa   0x080001aa   0x00000002   Code   RO          837    .ARM.Collect$$libinit$$00000000  c_w.l(libinit.o)
    0x080001ac   0x080001ac   0x00000000   Code   RO          839    .ARM.Collect$$libinit$$00000002  c_w.l(libinit2.o)
    0x080001ac   0x080001ac   0x00000000   Code   RO          841    .ARM.Collect$$libinit$$00000004  c_w.l(libinit2.o)
    0x080001ac   0x080001ac   0x00000000   Code   RO          844    .ARM.Collect$$libinit$$0000000A  c_w.l(libinit2.o)
    0x080001ac   0x080001ac   0x00000000   Code   RO          846    .ARM.Collect$$libinit$$0000000C  c_w.l(libinit2.o)
    0x080001ac   0x080001ac   0x00000000   Code   RO          848    .ARM.Collect$$libinit$$0000000E  c_w.l(libinit2.o)
    0x080001ac   0x080001ac   0x00000006   Code   RO          849    .ARM.Collect$$libinit$$0000000F  c_w.l(libinit2.o)
    0x080001b2   0x080001b2   0x00000000   Code   RO          851    .ARM.Collect$$libinit$$00000011  c_w.l(libinit2.o)
    0x080001b2   0x080001b2   0x00000000   Code   RO          853    .ARM.Collect$$libinit$$00000013  c_w.l(libinit2.o)
    0x080001b2   0x080001b2   0x00000000   Code   RO          855    .ARM.Collect$$libinit$$00000015  c_w.l(libinit2.o)
    0x080001b2   0x080001b2   0x0000000a   Code   RO          856    .ARM.Collect$$libinit$$00000016  c_w.l(libinit2.o)
    0x080001bc   0x080001bc   0x00000000   Code   RO          857    .ARM.Collect$$libinit$$00000017  c_w.l(libinit2.o)
    0x080001bc   0x080001bc   0x00000000   Code   RO          859    .ARM.Collect$$libinit$$00000019  c_w.l(libinit2.o)
    0x080001bc   0x080001bc   0x00000000   Code   RO          861    .ARM.Collect$$libinit$$0000001B  c_w.l(libinit2.o)
    0x080001bc   0x080001bc   0x00000000   Code   RO          863    .ARM.Collect$$libinit$$0000001D  c_w.l(libinit2.o)
    0x080001bc   0x080001bc   0x00000000   Code   RO          865    .ARM.Collect$$libinit$$0000001F  c_w.l(libinit2.o)
    0x080001bc   0x080001bc   0x00000000   Code   RO          867    .ARM.Collect$$libinit$$00000021  c_w.l(libinit2.o)
    0x080001bc   0x080001bc   0x00000000   Code   RO          869    .ARM.Collect$$libinit$$00000023  c_w.l(libinit2.o)
    0x080001bc   0x080001bc   0x00000000   Code   RO          871    .ARM.Collect$$libinit$$00000025  c_w.l(libinit2.o)
    0x080001bc   0x080001bc   0x00000000   Code   RO          875    .ARM.Collect$$libinit$$0000002C  c_w.l(libinit2.o)
    0x080001bc   0x080001bc   0x00000000   Code   RO          877    .ARM.Collect$$libinit$$0000002E  c_w.l(libinit2.o)
    0x080001bc   0x080001bc   0x00000000   Code   RO          879    .ARM.Collect$$libinit$$00000030  c_w.l(libinit2.o)
    0x080001bc   0x080001bc   0x00000000   Code   RO          881    .ARM.Collect$$libinit$$00000032  c_w.l(libinit2.o)
    0x080001bc   0x080001bc   0x00000002   Code   RO          882    .ARM.Collect$$libinit$$00000033  c_w.l(libinit2.o)
    0x080001be   0x080001be   0x00000002   Code   RO          912    .ARM.Collect$$libshutdown$$00000000  c_w.l(libshutdown.o)
    0x080001c0   0x080001c0   0x00000000   Code   RO          923    .ARM.Collect$$libshutdown$$00000002  c_w.l(libshutdown2.o)
    0x080001c0   0x080001c0   0x00000000   Code   RO          925    .ARM.Collect$$libshutdown$$00000004  c_w.l(libshutdown2.o)
    0x080001c0   0x080001c0   0x00000000   Code   RO          927    .ARM.Collect$$libshutdown$$00000006  c_w.l(libshutdown2.o)
    0x080001c0   0x080001c0   0x00000000   Code   RO          930    .ARM.Collect$$libshutdown$$00000009  c_w.l(libshutdown2.o)
    0x080001c0   0x080001c0   0x00000000   Code   RO          933    .ARM.Collect$$libshutdown$$0000000C  c_w.l(libshutdown2.o)
    0x080001c0   0x080001c0   0x00000000   Code   RO          935    .ARM.Collect$$libshutdown$$0000000E  c_w.l(libshutdown2.o)
    0x080001c0   0x080001c0   0x00000000   Code   RO          938    .ARM.Collect$$libshutdown$$00000011  c_w.l(libshutdown2.o)
    0x080001c0   0x080001c0   0x00000002   Code   RO          939    .ARM.Collect$$libshutdown$$00000012  c_w.l(libshutdown2.o)
    0x080001c2   0x080001c2   0x00000000   Code   RO          748    .ARM.Collect$$rtentry$$00000000  c_w.l(__rtentry.o)
    0x080001c2   0x080001c2   0x00000000   Code   RO          766    .ARM.Collect$$rtentry$$00000002  c_w.l(__rtentry2.o)
    0x080001c2   0x080001c2   0x00000006   Code   RO          778    .ARM.Collect$$rtentry$$00000004  c_w.l(__rtentry4.o)
    0x080001c8   0x080001c8   0x00000000   Code   RO          768    .ARM.Collect$$rtentry$$00000009  c_w.l(__rtentry2.o)
    0x080001c8   0x080001c8   0x00000004   Code   RO          769    .ARM.Collect$$rtentry$$0000000A  c_w.l(__rtentry2.o)
    0x080001cc   0x080001cc   0x00000000   Code   RO          771    .ARM.Collect$$rtentry$$0000000C  c_w.l(__rtentry2.o)
    0x080001cc   0x080001cc   0x00000008   Code   RO          772    .ARM.Collect$$rtentry$$0000000D  c_w.l(__rtentry2.o)
    0x080001d4   0x080001d4   0x00000002   Code   RO          883    .ARM.Collect$$rtexit$$00000000  c_w.l(rtexit.o)
    0x080001d6   0x080001d6   0x00000000   Code   RO          890    .ARM.Collect$$rtexit$$00000002  c_w.l(rtexit2.o)
    0x080001d6   0x080001d6   0x00000004   Code   RO          891    .ARM.Collect$$rtexit$$00000003  c_w.l(rtexit2.o)
    0x080001da   0x080001da   0x00000006   Code   RO          892    .ARM.Collect$$rtexit$$00000004  c_w.l(rtexit2.o)
    0x080001e0   0x080001e0   0x000001dc   Code   RO            4    .text               main.o
    0x080003bc   0x080003bc   0x00000324   Code   RO          128    .text               mre6183_spi.o
    0x080006e0   0x080006e0   0x000000dc   Code   RO          155    .text               mre6183_uart.o
    0x080007bc   0x080007bc   0x00000084   Code   RO          182    .text               mre6183_led.o
    0x08000840   0x08000840   0x0000011c   Code   RO          209    .text               mre6183_delays.o
    0x0800095c   0x0800095c   0x00000584   Code   RO          236    .text               mre6183_i2c.o
    0x08000ee0   0x08000ee0   0x000000b8   Code   RO          263    .text               mre6183_shtc3.o
    0x08000f98   0x08000f98   0x000000dc   Code   RO          287    .text               misc.o
    0x08001074   0x08001074   0x0000035c   Code   RO          407    .text               stm32f10x_gpio.o
    0x080013d0   0x080013d0   0x00000404   Code   RO          431    .text               stm32f10x_i2c.o
    0x080017d4   0x080017d4   0x000003c4   Code   RO          455    .text               stm32f10x_rcc.o
    0x08001b98   0x08001b98   0x0000030c   Code   RO          505    .text               stm32f10x_spi.o
    0x08001ea4   0x08001ea4   0x00000e1a   Code   RO          529    .text               stm32f10x_tim.o
    0x08002cbe   0x08002cbe   0x00000002   PAD
    0x08002cc0   0x08002cc0   0x00000408   Code   RO          553    .text               stm32f10x_usart.o
    0x080030c8   0x080030c8   0x000002c0   Code   RO          577    .text               dma_stm32f10x.o
    0x08003388   0x08003388   0x00000040   Code   RO          637  * .text               startup_stm32f10x_md_vl.o
    0x080033c8   0x080033c8   0x000001b8   Code   RO          644    .text               system_stm32f10x.o
    0x08003580   0x08003580   0x00000028   Code   RO          675    .text               c_w.l(noretval__2sprintf.o)
    0x080035a8   0x080035a8   0x0000004e   Code   RO          679    .text               c_w.l(_printf_pad.o)
    0x080035f6   0x080035f6   0x00000002   PAD
    0x080035f8   0x080035f8   0x00000078   Code   RO          681    .text               c_w.l(_printf_dec.o)
    0x08003670   0x08003670   0x00000058   Code   RO          686    .text               c_w.l(_printf_hex_int.o)
    0x080036c8   0x080036c8   0x00000138   Code   RO          716    .text               c_w.l(__printf_flags_wp.o)
    0x08003800   0x08003800   0x0000003e   Code   RO          728    .text               c_w.l(strlen.o)
    0x0800383e   0x0800383e   0x00000006   Code   RO          730    .text               c_w.l(heapauxi.o)
    0x08003844   0x08003844   0x000000b2   Code   RO          749    .text               c_w.l(_printf_intcommon.o)
    0x080038f6   0x080038f6   0x0000041e   Code   RO          751    .text               c_w.l(_printf_fp_dec.o)
    0x08003d14   0x08003d14   0x00000030   Code   RO          753    .text               c_w.l(_printf_char_common.o)
    0x08003d44   0x08003d44   0x0000000a   Code   RO          755    .text               c_w.l(_sputc.o)
    0x08003d4e   0x08003d4e   0x00000002   PAD
    0x08003d50   0x08003d50   0x00000008   Code   RO          783    .text               c_w.l(rt_locale_intlibspace.o)
    0x08003d58   0x08003d58   0x0000008a   Code   RO          785    .text               c_w.l(lludiv10.o)
    0x08003de2   0x08003de2   0x00000002   PAD
    0x08003de4   0x08003de4   0x00000080   Code   RO          787    .text               c_w.l(_printf_fp_infnan.o)
    0x08003e64   0x08003e64   0x000000e4   Code   RO          791    .text               c_w.l(bigflt0.o)
    0x08003f48   0x08003f48   0x00000008   Code   RO          823    .text               c_w.l(libspace.o)
    0x08003f50   0x08003f50   0x0000004a   Code   RO          826    .text               c_w.l(sys_stackheap_outer.o)
    0x08003f9a   0x08003f9a   0x00000012   Code   RO          828    .text               c_w.l(exit.o)
    0x08003fac   0x08003fac   0x00000080   Code   RO          830    .text               c_w.l(strcmpv7m.o)
    0x0800402c   0x0800402c   0x0000000c   Code   RO          902    .text               c_w.l(sys_exit.o)
    0x08004038   0x08004038   0x00000002   Code   RO          913    .text               c_w.l(use_no_semi.o)
    0x0800403a   0x0800403a   0x00000000   Code   RO          915    .text               c_w.l(indicate_semi.o)
    0x0800403a   0x0800403a   0x0000003e   Code   RO          794    CL$$btod_d2e        c_w.l(btod.o)
    0x08004078   0x08004078   0x00000046   Code   RO          796    CL$$btod_d2e_denorm_low  c_w.l(btod.o)
    0x080040be   0x080040be   0x00000060   Code   RO          795    CL$$btod_d2e_norm_op1  c_w.l(btod.o)
    0x0800411e   0x0800411e   0x00000338   Code   RO          804    CL$$btod_div_common  c_w.l(btod.o)
    0x08004456   0x08004456   0x000000dc   Code   RO          801    CL$$btod_e2e        c_w.l(btod.o)
    0x08004532   0x08004532   0x0000002a   Code   RO          798    CL$$btod_ediv       c_w.l(btod.o)
    0x0800455c   0x0800455c   0x0000002a   Code   RO          797    CL$$btod_emul       c_w.l(btod.o)
    0x08004586   0x08004586   0x00000244   Code   RO          803    CL$$btod_mult_common  c_w.l(btod.o)
    0x080047ca   0x080047ca   0x00000028   Code   RO          821    i.__ARM_fpclassify  m_ws.l(fpclassify.o)
    0x080047f2   0x080047f2   0x0000000e   Code   RO          714    i._is_digit         c_w.l(__printf_wp.o)
    0x08004800   0x08004800   0x0000002c   Code   RO          817    locale$$code        c_w.l(lc_numeric_c.o)
    0x0800482c   0x0800482c   0x0000000c   Code   RO          758    x$fpl$dretinf       fz_ws.l(dretinf.o)
    0x08004838   0x08004838   0x00000056   Code   RO          734    x$fpl$f2d           fz_ws.l(f2d.o)
    0x0800488e   0x0800488e   0x00000002   PAD
    0x08004890   0x08004890   0x00000184   Code   RO          737    x$fpl$fdiv          fz_ws.l(fdiv.o)
    0x08004a14   0x08004a14   0x00000030   Code   RO          741    x$fpl$fflt          fz_ws.l(fflt_clz.o)
    0x08004a44   0x08004a44   0x0000008c   Code   RO          760    x$fpl$fnaninf       fz_ws.l(fnaninf.o)
    0x08004ad0   0x08004ad0   0x0000000a   Code   RO          762    x$fpl$fretinf       fz_ws.l(fretinf.o)
    0x08004ada   0x08004ada   0x00000004   Code   RO          746    x$fpl$printf1       fz_ws.l(printf1.o)
    0x08004ade   0x08004ade   0x00000000   Code   RO          764    x$fpl$usenofp       fz_ws.l(usenofp.o)
    0x08004ade   0x08004ade   0x00000028   Data   RO          687    .constdata          c_w.l(_printf_hex_int.o)
    0x08004b06   0x08004b06   0x00000011   Data   RO          717    .constdata          c_w.l(__printf_flags_wp.o)
    0x08004b17   0x08004b17   0x00000001   PAD
    0x08004b18   0x08004b18   0x00000094   Data   RO          792    .constdata          c_w.l(bigflt0.o)
    0x08004bac   0x08004bac   0x00000020   Data   RO          964    Region$$Table       anon$$obj.o
    0x08004bcc   0x08004bcc   0x0000001c   Data   RO          816    locale$$data        c_w.l(lc_numeric_c.o)


    Execution Region ER_RW (Exec base: 0x20000000, Load base: 0x08004be8, Size: 0x00000038, Max: 0xffffffff, ABSOLUTE)

    Exec Addr    Load Addr    Size         Type   Attr      Idx    E Section Name        Object

    0x20000000   0x08004be8   0x0000000c   Data   RW            6    .data               main.o
    0x2000000c   0x08004bf4   0x00000014   Data   RW          456    .data               stm32f10x_rcc.o
    0x20000020   0x08004c08   0x00000001   Data   RW          578    .data               dma_stm32f10x.o
    0x20000021   0x08004c09   0x00000003   PAD
    0x20000024   0x08004c0c   0x00000014   Data   RW          645    .data               system_stm32f10x.o


    Execution Region ER_ZI (Exec base: 0x20000038, Load base: 0x08004c20, Size: 0x00000698, Max: 0xffffffff, ABSOLUTE)

    Exec Addr    Load Addr    Size         Type   Attr      Idx    E Section Name        Object

    0x20000038        -       0x00000032   Zero   RW            5    .bss                main.o
    0x2000006a   0x08004c20   0x00000002   PAD
    0x2000006c        -       0x00000060   Zero   RW          824    .bss                c_w.l(libspace.o)
    0x200000cc   0x08004c20   0x00000004   PAD
    0x200000d0        -       0x00000200   Zero   RW          635    HEAP                startup_stm32f10x_md_vl.o
    0x200002d0        -       0x00000400   Zero   RW          634    STACK               startup_stm32f10x_md_vl.o


==============================================================================

Image component sizes


      Code (inc. data)   RO Data    RW Data    ZI Data      Debug   Object Name

       704         38          0          1          0      29078   dma_stm32f10x.o
       476        144          0         12         50     274509   main.o
       220         22          0          0          0       1933   misc.o
       284         18          0          0          0       1818   mre6183_delays.o
      1412         32          0          0          0       3455   mre6183_i2c.o
       132          6          0          0          0        910   mre6183_led.o
       184          0          0          0          0       1714   mre6183_shtc3.o
       804         16          0          0          0       2742   mre6183_spi.o
       220         10          0          0          0       1104   mre6183_uart.o
        64         26        288          0       1536        892   startup_stm32f10x_md_vl.o
       860         38          0          0          0       5861   stm32f10x_gpio.o
      1028         16          0          0          0       9359   stm32f10x_i2c.o
       964         42          0         20          0       9390   stm32f10x_rcc.o
       780         14          0          0          0       6746   stm32f10x_spi.o
      3610         88          0          0          0      22972   stm32f10x_tim.o
      1032         22          0          0          0       8592   stm32f10x_usart.o
       440         34          0         20          0       2095   system_stm32f10x.o

    ----------------------------------------------------------------------
     13216        566        320         56       1588     383170   Object Totals
         0          0         32          0          0          0   (incl. Generated)
         2          0          0          3          2          0   (incl. Padding)

    ----------------------------------------------------------------------

      Code (inc. data)   RO Data    RW Data    ZI Data      Debug   Library Member Name

         8          0          0          0          0         68   __main.o
       312          4         17          0          0         92   __printf_flags_wp.o
        14          0          0          0          0         68   __printf_wp.o
         0          0          0          0          0          0   __rtentry.o
        12          0          0          0          0          0   __rtentry2.o
         6          0          0          0          0          0   __rtentry4.o
        52          8          0          0          0          0   __scatter.o
        26          0          0          0          0          0   __scatter_copy.o
        28          0          0          0          0          0   __scatter_zi.o
        48          6          0          0          0         96   _printf_char_common.o
       120         16          0          0          0         92   _printf_dec.o
         6          0          0          0          0          0   _printf_f.o
      1054          0          0          0          0        216   _printf_fp_dec.o
       128         16          0          0          0         84   _printf_fp_infnan.o
        88          4         40          0          0         88   _printf_hex_int.o
       178          0          0          0          0         88   _printf_intcommon.o
        78          0          0          0          0        108   _printf_pad.o
         0          0          0          0          0          0   _printf_percent.o
         4          0          0          0          0          0   _printf_percent_end.o
         6          0          0          0          0          0   _printf_u.o
         6          0          0          0          0          0   _printf_x.o
        10          0          0          0          0         68   _sputc.o
       228          4        148          0          0         96   bigflt0.o
      1936        128          0          0          0        672   btod.o
        18          0          0          0          0         80   exit.o
         6          0          0          0          0        152   heapauxi.o
         0          0          0          0          0          0   indicate_semi.o
        44         10         28          0          0         76   lc_numeric_c.o
         2          0          0          0          0          0   libinit.o
        18          0          0          0          0          0   libinit2.o
         2          0          0          0          0          0   libshutdown.o
         2          0          0          0          0          0   libshutdown2.o
         8          4          0          0         96         68   libspace.o
       138          0          0          0          0         80   lludiv10.o
        40          6          0          0          0         84   noretval__2sprintf.o
         8          4          0          0          0         68   rt_locale_intlibspace.o
         2          0          0          0          0          0   rtexit.o
        10          0          0          0          0          0   rtexit2.o
       128          0          0          0          0         68   strcmpv7m.o
        62          0          0          0          0         76   strlen.o
        12          4          0          0          0         68   sys_exit.o
        74          0          0          0          0         80   sys_stackheap_outer.o
         2          0          0          0          0         68   use_no_semi.o
        12          0          0          0          0         68   dretinf.o
        86          4          0          0          0         84   f2d.o
       388         76          0          0          0         96   fdiv.o
        48          0          0          0          0         68   fflt_clz.o
       140          4          0          0          0         84   fnaninf.o
        10          0          0          0          0         68   fretinf.o
         4          0          0          0          0         68   printf1.o
         0          0          0          0          0          0   usenofp.o
        40          0          0          0          0         68   fpclassify.o

    ----------------------------------------------------------------------
      5662        298        234          0        100       3408   Library Totals
        10          0          1          0          4          0   (incl. Padding)

    ----------------------------------------------------------------------

      Code (inc. data)   RO Data    RW Data    ZI Data      Debug   Library Name

      4924        214        233          0         96       2804   c_w.l
       688         84          0          0          0        536   fz_ws.l
        40          0          0          0          0         68   m_ws.l

    ----------------------------------------------------------------------
      5662        298        234          0        100       3408   Library Totals

    ----------------------------------------------------------------------

==============================================================================


      Code (inc. data)   RO Data    RW Data    ZI Data      Debug   

     18878        864        554         56       1688     383194   Grand Totals
     18878        864        554         56       1688     383194   ELF Image Totals
     18878        864        554         56          0          0   ROM Totals

==============================================================================

    Total RO  Size (Code + RO Data)                19432 (  18.98kB)
    Total RW  Size (RW Data + ZI Data)              1744 (   1.70kB)
    Total ROM Size (Code + RO Data + RW Data)      19488 (  19.03kB)

==============================================================================

